../Core/Src/main.c:223:19:flash_write1	128	static
../Core/Src/main.c:276:19:flash_write2	72	static
../Core/Src/main.c:306:17:GetSector	24	static
../Core/Src/main.c:414:17:GetSectorSize	24	static
../Core/Src/main.c:441:6:clock_set	16	static
../Core/Src/main.c:463:6:blink	32	static
../Core/Src/main.c:510:6:time_set	16	static
../Core/Src/main.c:632:6:flash_read	4	static
../Core/Src/main.c:656:6:HAL_TIM_PeriodElapsedCallback	16	static
../Core/Src/main.c:671:6:adc_rcv	8	static
../Core/Src/main.c:702:6:time_display	16	static
../Core/Src/main.c:740:6:HAL_UART_RxCpltCallback	16	static
../Core/Src/main.c:748:6:music_select	24	static
../Core/Src/main.c:809:6:HAL_GPIO_EXTI_Callback	24	static
../Core/Src/main.c:897:5:main	8	static
../Core/Src/main.c:958:6:SystemClock_Config	88	static
../Core/Src/main.c:1012:13:MX_NVIC_Init	8	static
../Core/Src/main.c:1039:6:Error_Handler	4	static,ignoring_inline_asm
