Archive member included to satisfy reference by file (symbol)

c:/st/stm32cubeide_1.9.0/stm32cubeide/plugins/com.st.stm32cube.ide.mcu.externaltools.gnu-tools-for-stm32.10.3-2021.10.win32_1.0.0.202111181127/tools/bin/../lib/gcc/arm-none-eabi/10.3.1/../../../../arm-none-eabi/lib/thumb/v7e-m+fp/hard\libc_nano.a(lib_a-errno.o)
                              ./Core/Src/syscalls.o (__errno)
c:/st/stm32cubeide_1.9.0/stm32cubeide/plugins/com.st.stm32cube.ide.mcu.externaltools.gnu-tools-for-stm32.10.3-2021.10.win32_1.0.0.202111181127/tools/bin/../lib/gcc/arm-none-eabi/10.3.1/../../../../arm-none-eabi/lib/thumb/v7e-m+fp/hard\libc_nano.a(lib_a-exit.o)
                              c:/st/stm32cubeide_1.9.0/stm32cubeide/plugins/com.st.stm32cube.ide.mcu.externaltools.gnu-tools-for-stm32.10.3-2021.10.win32_1.0.0.202111181127/tools/bin/../lib/gcc/arm-none-eabi/10.3.1/../../../../arm-none-eabi/lib/thumb/v7e-m+fp/hard/crt0.o (exit)
c:/st/stm32cubeide_1.9.0/stm32cubeide/plugins/com.st.stm32cube.ide.mcu.externaltools.gnu-tools-for-stm32.10.3-2021.10.win32_1.0.0.202111181127/tools/bin/../lib/gcc/arm-none-eabi/10.3.1/../../../../arm-none-eabi/lib/thumb/v7e-m+fp/hard\libc_nano.a(lib_a-impure.o)
                              c:/st/stm32cubeide_1.9.0/stm32cubeide/plugins/com.st.stm32cube.ide.mcu.externaltools.gnu-tools-for-stm32.10.3-2021.10.win32_1.0.0.202111181127/tools/bin/../lib/gcc/arm-none-eabi/10.3.1/../../../../arm-none-eabi/lib/thumb/v7e-m+fp/hard\libc_nano.a(lib_a-exit.o) (_global_impure_ptr)
c:/st/stm32cubeide_1.9.0/stm32cubeide/plugins/com.st.stm32cube.ide.mcu.externaltools.gnu-tools-for-stm32.10.3-2021.10.win32_1.0.0.202111181127/tools/bin/../lib/gcc/arm-none-eabi/10.3.1/../../../../arm-none-eabi/lib/thumb/v7e-m+fp/hard\libc_nano.a(lib_a-init.o)
                              c:/st/stm32cubeide_1.9.0/stm32cubeide/plugins/com.st.stm32cube.ide.mcu.externaltools.gnu-tools-for-stm32.10.3-2021.10.win32_1.0.0.202111181127/tools/bin/../lib/gcc/arm-none-eabi/10.3.1/../../../../arm-none-eabi/lib/thumb/v7e-m+fp/hard/crt0.o (__libc_init_array)
c:/st/stm32cubeide_1.9.0/stm32cubeide/plugins/com.st.stm32cube.ide.mcu.externaltools.gnu-tools-for-stm32.10.3-2021.10.win32_1.0.0.202111181127/tools/bin/../lib/gcc/arm-none-eabi/10.3.1/../../../../arm-none-eabi/lib/thumb/v7e-m+fp/hard\libc_nano.a(lib_a-memset.o)
                              c:/st/stm32cubeide_1.9.0/stm32cubeide/plugins/com.st.stm32cube.ide.mcu.externaltools.gnu-tools-for-stm32.10.3-2021.10.win32_1.0.0.202111181127/tools/bin/../lib/gcc/arm-none-eabi/10.3.1/../../../../arm-none-eabi/lib/thumb/v7e-m+fp/hard/crt0.o (memset)
c:/st/stm32cubeide_1.9.0/stm32cubeide/plugins/com.st.stm32cube.ide.mcu.externaltools.gnu-tools-for-stm32.10.3-2021.10.win32_1.0.0.202111181127/tools/bin/../lib/gcc/arm-none-eabi/10.3.1/../../../../arm-none-eabi/lib/thumb/v7e-m+fp/hard\libc_nano.a(lib_a-snprintf.o)
                              ./Core/Src/lcd.o (snprintf)
c:/st/stm32cubeide_1.9.0/stm32cubeide/plugins/com.st.stm32cube.ide.mcu.externaltools.gnu-tools-for-stm32.10.3-2021.10.win32_1.0.0.202111181127/tools/bin/../lib/gcc/arm-none-eabi/10.3.1/../../../../arm-none-eabi/lib/thumb/v7e-m+fp/hard\libc_nano.a(lib_a-sprintf.o)
                              ./Core/Src/main.o (sprintf)
c:/st/stm32cubeide_1.9.0/stm32cubeide/plugins/com.st.stm32cube.ide.mcu.externaltools.gnu-tools-for-stm32.10.3-2021.10.win32_1.0.0.202111181127/tools/bin/../lib/gcc/arm-none-eabi/10.3.1/../../../../arm-none-eabi/lib/thumb/v7e-m+fp/hard\libc_nano.a(lib_a-strlen.o)
                              ./Core/Src/lcd.o (strlen)
c:/st/stm32cubeide_1.9.0/stm32cubeide/plugins/com.st.stm32cube.ide.mcu.externaltools.gnu-tools-for-stm32.10.3-2021.10.win32_1.0.0.202111181127/tools/bin/../lib/gcc/arm-none-eabi/10.3.1/../../../../arm-none-eabi/lib/thumb/v7e-m+fp/hard\libc_nano.a(lib_a-nano-svfprintf.o)
                              c:/st/stm32cubeide_1.9.0/stm32cubeide/plugins/com.st.stm32cube.ide.mcu.externaltools.gnu-tools-for-stm32.10.3-2021.10.win32_1.0.0.202111181127/tools/bin/../lib/gcc/arm-none-eabi/10.3.1/../../../../arm-none-eabi/lib/thumb/v7e-m+fp/hard\libc_nano.a(lib_a-snprintf.o) (_svfprintf_r)
c:/st/stm32cubeide_1.9.0/stm32cubeide/plugins/com.st.stm32cube.ide.mcu.externaltools.gnu-tools-for-stm32.10.3-2021.10.win32_1.0.0.202111181127/tools/bin/../lib/gcc/arm-none-eabi/10.3.1/../../../../arm-none-eabi/lib/thumb/v7e-m+fp/hard\libc_nano.a(lib_a-nano-vfprintf_i.o)
                              c:/st/stm32cubeide_1.9.0/stm32cubeide/plugins/com.st.stm32cube.ide.mcu.externaltools.gnu-tools-for-stm32.10.3-2021.10.win32_1.0.0.202111181127/tools/bin/../lib/gcc/arm-none-eabi/10.3.1/../../../../arm-none-eabi/lib/thumb/v7e-m+fp/hard\libc_nano.a(lib_a-nano-svfprintf.o) (_printf_i)
[...]
Memory Configuration

Name             Origin             Length             Attributes
CCMRAM           0x0000000010000000 0x0000000000010000 xrw
RAM              0x0000000020000000 0x0000000000030000 xrw
FLASH            0x0000000008000000 0x0000000000200000 xr
*default*        0x0000000000000000 0xffffffffffffffff

Linker script and memory map

LOAD c:/st/stm32cubeide_1.9.0/stm32cubeide/plugins/com.st.stm32cube.ide.mcu.externaltools.gnu-tools-for-stm32.10.3-2021.10.win32_1.0.0.202111181127/tools/bin/../lib/gcc/arm-none-eabi/10.3.1/thumb/v7e-m+fp/hard/crti.o
LOAD c:/st/stm32cubeide_1.9.0/stm32cubeide/plugins/com.st.stm32cube.ide.mcu.externaltools.gnu-tools-for-stm32.10.3-2021.10.win32_1.0.0.202111181127/tools/bin/../lib/gcc/arm-none-eabi/10.3.1/thumb/v7e-m+fp/hard/crtbegin.o
LOAD c:/st/stm32cubeide_1.9.0/stm32cubeide/plugins/com.st.stm32cube.ide.mcu.externaltools.gnu-tools-for-stm32.10.3-2021.10.win32_1.0.0.202111181127/tools/bin/../lib/gcc/arm-none-eabi/10.3.1/../../../../arm-none-eabi/lib/thumb/v7e-m+fp/hard/crt0.o
LOAD ./Core/Src/adc.o
LOAD ./Core/Src/gpio.o
LOAD ./Core/Src/i2c.o
LOAD ./Core/Src/lcd.o
LOAD ./Core/Src/main.o
LOAD ./Core/Src/rtc.o
LOAD ./Core/Src/stm32f4xx_hal_msp.o
LOAD ./Core/Src/stm32f4xx_it.o
LOAD ./Core/Src/syscalls.o
LOAD ./Core/Src/sysmem.o
LOAD ./Core/Src/system_stm32f4xx.o
LOAD ./Core/Src/tim.o
LOAD ./Core/Src/usart.o
LOAD ./Core/Startup/startup_stm32f429zitx.o
LOAD ./Drivers/STM32F4xx_HAL_Driver/stm32f4xx_hal.o
LOAD ./Drivers/STM32F4xx_HAL_Driver/stm32f4xx_hal_adc.o
LOAD ./Drivers/STM32F4xx_HAL_Driver/stm32f4xx_hal_adc_ex.o
LOAD ./Drivers/STM32F4xx_HAL_Driver/stm32f4xx_hal_cortex.o
LOAD ./Drivers/STM32F4xx_HAL_Driver/stm32f4xx_hal_dma.o
LOAD ./Drivers/STM32F4xx_HAL_Driver/stm32f4xx_hal_dma_ex.o
LOAD ./Drivers/STM32F4xx_HAL_Driver/stm32f4xx_hal_exti.o
LOAD ./Drivers/STM32F4xx_HAL_Driver/stm32f4xx_hal_flash.o
LOAD ./Drivers/STM32F4xx_HAL_Driver/stm32f4xx_hal_flash_ex.o
LOAD ./Drivers/STM32F4xx_HAL_Driver/stm32f4xx_hal_flash_ramfunc.o
LOAD ./Drivers/STM32F4xx_HAL_Driver/stm32f4xx_hal_gpio.o
LOAD ./Drivers/STM32F4xx_HAL_Driver/stm32f4xx_hal_i2c.o
LOAD ./Drivers/STM32F4xx_HAL_Driver/stm32f4xx_hal_i2c_ex.o
LOAD ./Drivers/STM32F4xx_HAL_Driver/stm32f4xx_hal_pwr.o
LOAD ./Drivers/STM32F4xx_HAL_Driver/stm32f4xx_hal_pwr_ex.o
LOAD ./Drivers/STM32F4xx_HAL_Driver/stm32f4xx_hal_rcc.o
LOAD ./Drivers/STM32F4xx_HAL_Driver/stm32f4xx_hal_rcc_ex.o
LOAD ./Drivers/STM32F4xx_HAL_Driver/stm32f4xx_hal_rtc.o
LOAD ./Drivers/STM32F4xx_HAL_Driver/stm32f4xx_hal_rtc_ex.o
LOAD ./Drivers/STM32F4xx_HAL_Driver/stm32f4xx_hal_tim.o
LOAD ./Drivers/STM32F4xx_HAL_Driver/stm32f4xx_hal_tim_ex.o
LOAD ./Drivers/STM32F4xx_HAL_Driver/stm32f4xx_hal_uart.o
LOAD ./Drivers/STM32F4xx_HAL_Driver/stm32f4xx_ll_adc.o
START GROUP
LOAD c:/st/stm32cubeide_1.9.0/stm32cubeide/plugins/com.st.stm32cube.ide.mcu.externaltools.gnu-tools-for-stm32.10.3-2021.10.win32_1.0.0.202111181127/tools/bin/../lib/gcc/arm-none-eabi/10.3.1/../../../../arm-none-eabi/lib/thumb/v7e-m+fp/hard\libc_nano.a
LOAD c:/st/stm32cubeide_1.9.0/stm32cubeide/plugins/com.st.stm32cube.ide.mcu.externaltools.gnu-tools-for-stm32.10.3-2021.10.win32_1.0.0.202111181127/tools/bin/../lib/gcc/arm-none-eabi/10.3.1/../../../../arm-none-eabi/lib/thumb/v7e-m+fp/hard\libm.a
END GROUP
START GROUP
LOAD c:/st/stm32cubeide_1.9.0/stm32cubeide/plugins/com.st.stm32cube.ide.mcu.externaltools.gnu-tools-for-stm32.10.3-2021.10.win32_1.0.0.202111181127/tools/bin/../lib/gcc/arm-none-eabi/10.3.1/thumb/v7e-m+fp/hard\libgcc.a
LOAD c:/st/stm32cubeide_1.9.0/stm32cubeide/plugins/com.st.stm32cube.ide.mcu.externaltools.gnu-tools-for-stm32.10.3-2021.10.win32_1.0.0.202111181127/tools/bin/../lib/gcc/arm-none-eabi/10.3.1/../../../../arm-none-eabi/lib/thumb/v7e-m+fp/hard\libc_nano.a
END GROUP
START GROUP
LOAD c:/st/stm32cubeide_1.9.0/stm32cubeide/plugins/com.st.stm32cube.ide.mcu.externaltools.gnu-tools-for-stm32.10.3-2021.10.win32_1.0.0.202111181127/tools/bin/../lib/gcc/arm-none-eabi/10.3.1/thumb/v7e-m+fp/hard\libgcc.a
LOAD c:/st/stm32cubeide_1.9.0/stm32cubeide/plugins/com.st.stm32cube.ide.mcu.externaltools.gnu-tools-for-stm32.10.3-2021.10.win32_1.0.0.202111181127/tools/bin/../lib/gcc/arm-none-eabi/10.3.1/../../../../arm-none-eabi/lib/thumb/v7e-m+fp/hard\libc_nano.a
LOAD c:/st/stm32cubeide_1.9.0/stm32cubeide/plugins/com.st.stm32cube.ide.mcu.externaltools.gnu-tools-for-stm32.10.3-2021.10.win32_1.0.0.202111181127/tools/bin/../lib/gcc/arm-none-eabi/10.3.1/../../../../arm-none-eabi/lib/thumb/v7e-m+fp/hard\libnosys.a
END GROUP
START GROUP
LOAD c:/st/stm32cubeide_1.9.0/stm32cubeide/plugins/com.st.stm32cube.ide.mcu.externaltools.gnu-tools-for-stm32.10.3-2021.10.win32_1.0.0.202111181127/tools/bin/../lib/gcc/arm-none-eabi/10.3.1/thumb/v7e-m+fp/hard\libgcc.a
LOAD c:/st/stm32cubeide_1.9.0/stm32cubeide/plugins/com.st.stm32cube.ide.mcu.externaltools.gnu-tools-for-stm32.10.3-2021.10.win32_1.0.0.202111181127/tools/bin/../lib/gcc/arm-none-eabi/10.3.1/../../../../arm-none-eabi/lib/thumb/v7e-m+fp/hard\libc_nano.a
LOAD c:/st/stm32cubeide_1.9.0/stm32cubeide/plugins/com.st.stm32cube.ide.mcu.externaltools.gnu-tools-for-stm32.10.3-2021.10.win32_1.0.0.202111181127/tools/bin/../lib/gcc/arm-none-eabi/10.3.1/../../../../arm-none-eabi/lib/thumb/v7e-m+fp/hard\libnosys.a
END GROUP
LOAD c:/st/stm32cubeide_1.9.0/stm32cubeide/plugins/com.st.stm32cube.ide.mcu.externaltools.gnu-tools-for-stm32.10.3-2021.10.win32_1.0.0.202111181127/tools/bin/../lib/gcc/arm-none-eabi/10.3.1/thumb/v7e-m+fp/hard/crtend.o
LOAD c:/st/stm32cubeide_1.9.0/stm32cubeide/plugins/com.st.stm32cube.ide.mcu.externaltools.gnu-tools-for-stm32.10.3-2021.10.win32_1.0.0.202111181127/tools/bin/../lib/gcc/arm-none-eabi/10.3.1/thumb/v7e-m+fp/hard/crtn.o
                0x0000000020030000                _estack = (ORIGIN (RAM) + LENGTH (RAM))
                0x0000000000000200                _Min_Heap_Size = 0x200
                0x0000000000000400                _Min_Stack_Size = 0x400

.isr_vector     0x0000000008000000      0x1ac
                0x0000000008000000                . = ALIGN (0x4)
 *(.isr_vector)
 .isr_vector    0x0000000008000000      0x1ac ./Core/Startup/startup_stm32f429zitx.o
                0x0000000008000000                g_pfnVectors
                0x00000000080001ac                . = ALIGN (0x4)

.text           0x00000000080001b0     0x7eb8
                0x00000000080001b0                . = ALIGN (0x4)
 *(.text)
 .text          0x00000000080001b0       0x40 c:/st/stm32cubeide_1.9.0/stm32cubeide/plugins/com.st.stm32cube.ide.mcu.externaltools.gnu-tools-for-stm32.10.3-2021.10.win32_1.0.0.202111181127/tools/bin/../lib/gcc/arm-none-eabi/10.3.1/thumb/v7e-m+fp/hard/crtbegin.o
 .text          0x00000000080001f0       0x10 c:/st/stm32cubeide_1.9.0/stm32cubeide/plugins/com.st.stm32cube.ide.mcu.externaltools.gnu-tools-for-stm32.10.3-2021.10.win32_1.0.0.202111181127/tools/bin/../lib/gcc/arm-none-eabi/10.3.1/../../../../arm-none-eabi/lib/thumb/v7e-m+fp/hard\libc_nano.a(lib_a-strlen.o)
                0x00000000080001f0                strlen
 .text          0x0000000008000200       0xa0 c:/st/stm32cubeide_1.9.0/stm32cubeide/plugins/com.st.stm32cube.ide.mcu.externaltools.gnu-tools-for-stm32.10.3-2021.10.win32_1.0.0.202111181127/tools/bin/../lib/gcc/arm-none-eabi/10.3.1/../../../../arm-none-eabi/lib/thumb/v7e-m+fp/hard\libc_nano.a(lib_a-memchr.o)
                0x0000000008000200                memchr
 .text          0x00000000080002a0       0x30 c:/st/stm32cubeide_1.9.0/stm32cubeide/plugins/com.st.stm32cube.ide.mcu.externaltools.gnu-tools-for-stm32.10.3-2021.10.win32_1.0.0.202111181127/tools/bin/../lib/gcc/arm-none-eabi/10.3.1/thumb/v7e-m+fp/hard\libgcc.a(_aeabi_uldivmod.o)
                0x00000000080002a0                __aeabi_uldivmod
 .text          0x00000000080002d0      0x2d0 c:/st/stm32cubeide_1.9.0/stm32cubeide/plugins/com.st.stm32cube.ide.mcu.externaltools.gnu-tools-for-stm32.10.3-2021.10.win32_1.0.0.202111181127/tools/bin/../lib/gcc/arm-none-eabi/10.3.1/thumb/v7e-m+fp/hard\libgcc.a(_udivmoddi4.o)
                0x00000000080002d0                __udivmoddi4
 .text          0x00000000080005a0        0x4 c:/st/stm32cubeide_1.9.0/stm32cubeide/plugins/com.st.stm32cube.ide.mcu.externaltools.gnu-tools-for-stm32.10.3-2021.10.win32_1.0.0.202111181127/tools/bin/../lib/gcc/arm-none-eabi/10.3.1/thumb/v7e-m+fp/hard\libgcc.a(_dvmd_tls.o)
                0x00000000080005a0                __aeabi_idiv0
                0x00000000080005a0                __aeabi_ldiv0
 *(.text*)
 .text.MX_ADC1_Init
                0x00000000080005a4       0xa4 ./Core/Src/adc.o
                0x00000000080005a4                MX_ADC1_Init
 .text.HAL_ADC_MspInit
                0x0000000008000648       0x88 ./Core/Src/adc.o
                0x0000000008000648                HAL_ADC_MspInit
 .text.MX_GPIO_Init
                0x00000000080006d0      0x220 ./Core/Src/gpio.o
                0x00000000080006d0                MX_GPIO_Init
 .text.MX_I2C1_Init
                0x00000000080008f0       0x80 ./Core/Src/i2c.o
                0x00000000080008f0                MX_I2C1_Init
 .text.HAL_I2C_MspInit
                0x0000000008000970       0x90 ./Core/Src/i2c.o
                0x0000000008000970                HAL_I2C_MspInit
 .text.I2CScan  0x0000000008000a00       0xa8 ./Core/Src/lcd.o
                0x0000000008000a00                I2CScan
 .text.LCDSendInternal
                0x0000000008000aa8       0xbc ./Core/Src/lcd.o
                0x0000000008000aa8                LCDSendInternal
 .text.LCD_SendData
                0x0000000008000b64       0x24 ./Core/Src/lcd.o
                0x0000000008000b64                LCD_SendData
 .text.LCD_SendCommand
                0x0000000008000b88       0x24 ./Core/Src/lcd.o
                0x0000000008000b88                LCD_SendCommand
 .text.LCD_SendString
                0x0000000008000bac       0x34 ./Core/Src/lcd.o
                0x0000000008000bac                LCD_SendString
 .text.LCDInit  0x0000000008000be0       0x3a ./Core/Src/lcd.o
                0x0000000008000be0                LCDInit
 .text.LCDPrint
                0x0000000008000c1a       0x3a ./Core/Src/lcd.o
                0x0000000008000c1a                LCDPrint
 .text.init     0x0000000008000c54       0x12 ./Core/Src/lcd.o
                0x0000000008000c54                init
 *fill*         0x0000000008000c66        0x2 
 .text.flash_write1
                0x0000000008000c68      0x170 ./Core/Src/main.o
                0x0000000008000c68                flash_write1
 .text.GetSector
                0x0000000008000dd8      0x270 ./Core/Src/main.o
 .text.clock_set
                0x0000000008001048       0xa6 ./Core/Src/main.o
                0x0000000008001048                clock_set
 *fill*         0x00000000080010ee        0x2 
 .text.blink    0x00000000080010f0      0x1d8 ./Core/Src/main.o
                0x00000000080010f0                blink
 .text.time_set
                0x00000000080012c8      0x358 ./Core/Src/main.o
                0x00000000080012c8                time_set
 .text.flash_read
                0x0000000008001620       0xc8 ./Core/Src/main.o
                0x0000000008001620                flash_read
 .text.HAL_TIM_PeriodElapsedCallback
                0x00000000080016e8       0x9c ./Core/Src/main.o
                0x00000000080016e8                HAL_TIM_PeriodElapsedCallback
 .text.adc_rcv  0x0000000008001784       0xe4 ./Core/Src/main.o
                0x0000000008001784                adc_rcv
 .text.time_display
                0x0000000008001868      0x160 ./Core/Src/main.o
                0x0000000008001868                time_display
 .text.HAL_UART_RxCpltCallback
                0x00000000080019c8       0x30 ./Core/Src/main.o
                0x00000000080019c8                HAL_UART_RxCpltCallback
 .text.music_select
                0x00000000080019f8       0xf8 ./Core/Src/main.o
                0x00000000080019f8                music_select
 .text.HAL_GPIO_EXTI_Callback
                0x0000000008001af0      0x1cc ./Core/Src/main.o
                0x0000000008001af0                HAL_GPIO_EXTI_Callback
 .text.main     0x0000000008001cbc       0x68 ./Core/Src/main.o
                0x0000000008001cbc                main
 .text.SystemClock_Config
                0x0000000008001d24       0xe4 ./Core/Src/main.o
                0x0000000008001d24                SystemClock_Config
 .text.MX_NVIC_Init
                0x0000000008001e08       0x58 ./Core/Src/main.o
 .text.Error_Handler
                0x0000000008001e60        0xa ./Core/Src/main.o
                0x0000000008001e60                Error_Handler
 *fill*         0x0000000008001e6a        0x2 
 .text.MX_RTC_Init
                0x0000000008001e6c       0x4c ./Core/Src/rtc.o
                0x0000000008001e6c                MX_RTC_Init
 .text.HAL_RTC_MspInit
                0x0000000008001eb8       0x54 ./Core/Src/rtc.o
                0x0000000008001eb8                HAL_RTC_MspInit
 .text.HAL_MspInit
                0x0000000008001f0c       0x50 ./Core/Src/stm32f4xx_hal_msp.o
                0x0000000008001f0c                HAL_MspInit
 .text.NMI_Handler
                0x0000000008001f5c        0x6 ./Core/Src/stm32f4xx_it.o
                0x0000000008001f5c                NMI_Handler
 .text.HardFault_Handler
                0x0000000008001f62        0x6 ./Core/Src/stm32f4xx_it.o
                0x0000000008001f62                HardFault_Handler
 .text.MemManage_Handler
                0x0000000008001f68        0x6 ./Core/Src/stm32f4xx_it.o
                0x0000000008001f68                MemManage_Handler
 .text.BusFault_Handler
                0x0000000008001f6e        0x6 ./Core/Src/stm32f4xx_it.o
                0x0000000008001f6e                BusFault_Handler
 .text.UsageFault_Handler
                0x0000000008001f74        0x6 ./Core/Src/stm32f4xx_it.o
                0x0000000008001f74                UsageFault_Handler
 .text.SVC_Handler
                0x0000000008001f7a        0xe ./Core/Src/stm32f4xx_it.o
                0x0000000008001f7a                SVC_Handler
 .text.DebugMon_Handler
                0x0000000008001f88        0xe ./Core/Src/stm32f4xx_it.o
                0x0000000008001f88                DebugMon_Handler
 .text.PendSV_Handler
                0x0000000008001f96        0xe ./Core/Src/stm32f4xx_it.o
                0x0000000008001f96                PendSV_Handler
 .text.SysTick_Handler
                0x0000000008001fa4        0xc ./Core/Src/stm32f4xx_it.o
                0x0000000008001fa4                SysTick_Handler
 .text.TIM2_IRQHandler
                0x0000000008001fb0       0x14 ./Core/Src/stm32f4xx_it.o
                0x0000000008001fb0                TIM2_IRQHandler
 .text.TIM4_IRQHandler
                0x0000000008001fc4       0x14 ./Core/Src/stm32f4xx_it.o
                0x0000000008001fc4                TIM4_IRQHandler
 .text.USART3_IRQHandler
                0x0000000008001fd8       0x14 ./Core/Src/stm32f4xx_it.o
                0x0000000008001fd8                USART3_IRQHandler
 .text.EXTI15_10_IRQHandler
                0x0000000008001fec       0x10 ./Core/Src/stm32f4xx_it.o
                0x0000000008001fec                EXTI15_10_IRQHandler
 .text.USART6_IRQHandler
                0x0000000008001ffc       0x14 ./Core/Src/stm32f4xx_it.o
                0x0000000008001ffc                USART6_IRQHandler
 .text._sbrk    0x0000000008002010       0x6c ./Core/Src/sysmem.o
                0x0000000008002010                _sbrk
 .text.SystemInit
                0x000000000800207c       0x24 ./Core/Src/system_stm32f4xx.o
                0x000000000800207c                SystemInit
 .text.MX_TIM2_Init
                0x00000000080020a0       0x9c ./Core/Src/tim.o
                0x00000000080020a0                MX_TIM2_Init
 .text.MX_TIM3_Init
                0x000000000800213c       0xec ./Core/Src/tim.o
                0x000000000800213c                MX_TIM3_Init
 .text.MX_TIM4_Init
                0x0000000008002228       0x9c ./Core/Src/tim.o
                0x0000000008002228                MX_TIM4_Init
 .text.HAL_TIM_Base_MspInit
                0x00000000080022c4       0x98 ./Core/Src/tim.o
                0x00000000080022c4                HAL_TIM_Base_MspInit
 .text.HAL_TIM_MspPostInit
                0x000000000800235c       0x74 ./Core/Src/tim.o
                0x000000000800235c                HAL_TIM_MspPostInit
 .text.MX_USART3_UART_Init
                0x00000000080023d0       0x54 ./Core/Src/usart.o
                0x00000000080023d0                MX_USART3_UART_Init
 .text.MX_USART6_UART_Init
                0x0000000008002424       0x54 ./Core/Src/usart.o
                0x0000000008002424                MX_USART6_UART_Init
 .text.HAL_UART_MspInit
                0x0000000008002478      0x100 ./Core/Src/usart.o
                0x0000000008002478                HAL_UART_MspInit
 .text.Reset_Handler
                0x0000000008002578       0x50 ./Core/Startup/startup_stm32f429zitx.o
                0x0000000008002578                Reset_Handler
 .text.Default_Handler
                0x00000000080025c8        0x2 ./Core/Startup/startup_stm32f429zitx.o
                0x00000000080025c8                RTC_Alarm_IRQHandler
                0x00000000080025c8                HASH_RNG_IRQHandler
                0x00000000080025c8                EXTI2_IRQHandler
                0x00000000080025c8                TIM8_CC_IRQHandler
                0x00000000080025c8                UART8_IRQHandler
                0x00000000080025c8                SPI4_IRQHandler
                0x00000000080025c8                TIM1_CC_IRQHandler
                0x00000000080025c8                DMA2_Stream5_IRQHandler
                0x00000000080025c8                DMA1_Stream5_IRQHandler
                0x00000000080025c8                PVD_IRQHandler
                0x00000000080025c8                SDIO_IRQHandler
                0x00000000080025c8                TAMP_STAMP_IRQHandler
                0x00000000080025c8                CAN2_RX1_IRQHandler
                0x00000000080025c8                EXTI3_IRQHandler
                0x00000000080025c8                TIM8_TRG_COM_TIM14_IRQHandler
                0x00000000080025c8                TIM1_UP_TIM10_IRQHandler
                0x00000000080025c8                TIM8_UP_TIM13_IRQHandler
                0x00000000080025c8                I2C3_ER_IRQHandler
                0x00000000080025c8                EXTI0_IRQHandler
                0x00000000080025c8                I2C2_EV_IRQHandler
                0x00000000080025c8                DMA1_Stream2_IRQHandler
                0x00000000080025c8                CAN1_RX0_IRQHandler
                0x00000000080025c8                FPU_IRQHandler
                0x00000000080025c8                OTG_HS_WKUP_IRQHandler
                0x00000000080025c8                LTDC_ER_IRQHandler
                0x00000000080025c8                CAN2_SCE_IRQHandler
                0x00000000080025c8                DMA2_Stream2_IRQHandler
                0x00000000080025c8                SPI1_IRQHandler
                0x00000000080025c8                TIM6_DAC_IRQHandler
                0x00000000080025c8                TIM1_BRK_TIM9_IRQHandler
                0x00000000080025c8                DCMI_IRQHandler
                0x00000000080025c8                CAN2_RX0_IRQHandler
                0x00000000080025c8                DMA2_Stream3_IRQHandler
                0x00000000080025c8                CAN1_RX1_IRQHandler
                0x00000000080025c8                UART5_IRQHandler
                0x00000000080025c8                DMA2_Stream0_IRQHandler
                0x00000000080025c8                I2C1_EV_IRQHandler
                0x00000000080025c8                DMA1_Stream6_IRQHandler
                0x00000000080025c8                DMA1_Stream1_IRQHandler
                0x00000000080025c8                UART4_IRQHandler
                0x00000000080025c8                TIM3_IRQHandler
                0x00000000080025c8                RCC_IRQHandler
                0x00000000080025c8                TIM8_BRK_TIM12_IRQHandler
                0x00000000080025c8                Default_Handler
                0x00000000080025c8                ADC_IRQHandler
                0x00000000080025c8                DMA1_Stream7_IRQHandler
                0x00000000080025c8                SPI5_IRQHandler
                0x00000000080025c8                TIM7_IRQHandler
                0x00000000080025c8                CAN2_TX_IRQHandler
                0x00000000080025c8                TIM5_IRQHandler
                0x00000000080025c8                DMA2_Stream7_IRQHandler
                0x00000000080025c8                I2C3_EV_IRQHandler
                0x00000000080025c8                EXTI9_5_IRQHandler
                0x00000000080025c8                RTC_WKUP_IRQHandler
                0x00000000080025c8                LTDC_IRQHandler
                0x00000000080025c8                ETH_WKUP_IRQHandler
                0x00000000080025c8                SPI2_IRQHandler
                0x00000000080025c8                OTG_HS_EP1_IN_IRQHandler
                0x00000000080025c8                DMA1_Stream0_IRQHandler
                0x00000000080025c8                CAN1_TX_IRQHandler
                0x00000000080025c8                EXTI4_IRQHandler
                0x00000000080025c8                ETH_IRQHandler
                0x00000000080025c8                OTG_HS_EP1_OUT_IRQHandler
                0x00000000080025c8                WWDG_IRQHandler
                0x00000000080025c8                SPI6_IRQHandler
                0x00000000080025c8                OTG_FS_WKUP_IRQHandler
                0x00000000080025c8                TIM1_TRG_COM_TIM11_IRQHandler
                0x00000000080025c8                OTG_HS_IRQHandler
                0x00000000080025c8                DMA2D_IRQHandler
                0x00000000080025c8                EXTI1_IRQHandler
                0x00000000080025c8                UART7_IRQHandler
                0x00000000080025c8                USART2_IRQHandler
                0x00000000080025c8                I2C2_ER_IRQHandler
                0x00000000080025c8                DMA2_Stream1_IRQHandler
                0x00000000080025c8                CAN1_SCE_IRQHandler
                0x00000000080025c8                FLASH_IRQHandler
                0x00000000080025c8                DMA2_Stream4_IRQHandler
                0x00000000080025c8                USART1_IRQHandler
                0x00000000080025c8                OTG_FS_IRQHandler
                0x00000000080025c8                SPI3_IRQHandler
                0x00000000080025c8                DMA1_Stream4_IRQHandler
                0x00000000080025c8                I2C1_ER_IRQHandler
                0x00000000080025c8                FMC_IRQHandler
                0x00000000080025c8                DMA2_Stream6_IRQHandler
                0x00000000080025c8                SAI1_IRQHandler
                0x00000000080025c8                DMA1_Stream3_IRQHandler
 *fill*         0x00000000080025ca        0x2 
 .text.HAL_Init
                0x00000000080025cc       0x44 ./Drivers/STM32F4xx_HAL_Driver/stm32f4xx_hal.o
                0x00000000080025cc                HAL_Init
 .text.HAL_InitTick
                0x0000000008002610       0x60 ./Drivers/STM32F4xx_HAL_Driver/stm32f4xx_hal.o
                0x0000000008002610                HAL_InitTick
 .text.HAL_IncTick
                0x0000000008002670       0x28 ./Drivers/STM32F4xx_HAL_Driver/stm32f4xx_hal.o
                0x0000000008002670                HAL_IncTick
 .text.HAL_GetTick
                0x0000000008002698       0x18 ./Drivers/STM32F4xx_HAL_Driver/stm32f4xx_hal.o
                0x0000000008002698                HAL_GetTick
 .text.HAL_Delay
                0x00000000080026b0       0x48 ./Drivers/STM32F4xx_HAL_Driver/stm32f4xx_hal.o
                0x00000000080026b0                HAL_Delay
 .text.HAL_ADC_Init
                0x00000000080026f8       0x86 ./Drivers/STM32F4xx_HAL_Driver/stm32f4xx_hal_adc.o
                0x00000000080026f8                HAL_ADC_Init
 *fill*         0x000000000800277e        0x2 
 .text.HAL_ADC_Start
                0x0000000008002780      0x1a4 ./Drivers/STM32F4xx_HAL_Driver/stm32f4xx_hal_adc.o
                0x0000000008002780                HAL_ADC_Start
 .text.HAL_ADC_PollForConversion
                0x0000000008002924      0x116 ./Drivers/STM32F4xx_HAL_Driver/stm32f4xx_hal_adc.o
                0x0000000008002924                HAL_ADC_PollForConversion
 .text.HAL_ADC_GetValue
                0x0000000008002a3a       0x1a ./Drivers/STM32F4xx_HAL_Driver/stm32f4xx_hal_adc.o
                0x0000000008002a3a                HAL_ADC_GetValue
 .text.HAL_ADC_ConfigChannel
                0x0000000008002a54      0x264 ./Drivers/STM32F4xx_HAL_Driver/stm32f4xx_hal_adc.o
                0x0000000008002a54                HAL_ADC_ConfigChannel
 .text.ADC_Init
                0x0000000008002cb8      0x1f8 ./Drivers/STM32F4xx_HAL_Driver/stm32f4xx_hal_adc.o
 .text.__NVIC_SetPriorityGrouping
                0x0000000008002eb0       0x48 ./Drivers/STM32F4xx_HAL_Driver/stm32f4xx_hal_cortex.o
 .text.__NVIC_GetPriorityGrouping
                0x0000000008002ef8       0x1c ./Drivers/STM32F4xx_HAL_Driver/stm32f4xx_hal_cortex.o
 .text.__NVIC_EnableIRQ
                0x0000000008002f14       0x3c ./Drivers/STM32F4xx_HAL_Driver/stm32f4xx_hal_cortex.o
 .text.__NVIC_SetPriority
                0x0000000008002f50       0x54 ./Drivers/STM32F4xx_HAL_Driver/stm32f4xx_hal_cortex.o
 .text.NVIC_EncodePriority
                0x0000000008002fa4       0x66 ./Drivers/STM32F4xx_HAL_Driver/stm32f4xx_hal_cortex.o
 *fill*         0x000000000800300a        0x2 
 .text.SysTick_Config
                0x000000000800300c       0x44 ./Drivers/STM32F4xx_HAL_Driver/stm32f4xx_hal_cortex.o
 .text.HAL_NVIC_SetPriorityGrouping
                0x0000000008003050       0x16 ./Drivers/STM32F4xx_HAL_Driver/stm32f4xx_hal_cortex.o
                0x0000000008003050                HAL_NVIC_SetPriorityGrouping
 .text.HAL_NVIC_SetPriority
                0x0000000008003066       0x38 ./Drivers/STM32F4xx_HAL_Driver/stm32f4xx_hal_cortex.o
                0x0000000008003066                HAL_NVIC_SetPriority
 .text.HAL_NVIC_EnableIRQ
                0x000000000800309e       0x1c ./Drivers/STM32F4xx_HAL_Driver/stm32f4xx_hal_cortex.o
                0x000000000800309e                HAL_NVIC_EnableIRQ
 .text.HAL_SYSTICK_Config
                0x00000000080030ba       0x18 ./Drivers/STM32F4xx_HAL_Driver/stm32f4xx_hal_cortex.o
                0x00000000080030ba                HAL_SYSTICK_Config
 .text.HAL_DMA_Abort
                0x00000000080030d2       0xe0 ./Drivers/STM32F4xx_HAL_Driver/stm32f4xx_hal_dma.o
                0x00000000080030d2                HAL_DMA_Abort
 .text.HAL_DMA_Abort_IT
                0x00000000080031b2       0x44 ./Drivers/STM32F4xx_HAL_Driver/stm32f4xx_hal_dma.o
                0x00000000080031b2                HAL_DMA_Abort_IT
 *fill*         0x00000000080031f6        0x2 
 .text.HAL_FLASH_Program
                0x00000000080031f8       0xa8 ./Drivers/STM32F4xx_HAL_Driver/stm32f4xx_hal_flash.o
                0x00000000080031f8                HAL_FLASH_Program
 .text.HAL_FLASH_Unlock
                0x00000000080032a0       0x44 ./Drivers/STM32F4xx_HAL_Driver/stm32f4xx_hal_flash.o
                0x00000000080032a0                HAL_FLASH_Unlock
 .text.HAL_FLASH_Lock
                0x00000000080032e4       0x20 ./Drivers/STM32F4xx_HAL_Driver/stm32f4xx_hal_flash.o
                0x00000000080032e4                HAL_FLASH_Lock
 .text.FLASH_WaitForLastOperation
                0x0000000008003304       0x80 ./Drivers/STM32F4xx_HAL_Driver/stm32f4xx_hal_flash.o
                0x0000000008003304                FLASH_WaitForLastOperation
 .text.FLASH_Program_DoubleWord
                0x0000000008003384       0x64 ./Drivers/STM32F4xx_HAL_Driver/stm32f4xx_hal_flash.o
 .text.FLASH_Program_Word
                0x00000000080033e8       0x44 ./Drivers/STM32F4xx_HAL_Driver/stm32f4xx_hal_flash.o
 .text.FLASH_Program_HalfWord
                0x000000000800342c       0x48 ./Drivers/STM32F4xx_HAL_Driver/stm32f4xx_hal_flash.o
 .text.FLASH_Program_Byte
                0x0000000008003474       0x44 ./Drivers/STM32F4xx_HAL_Driver/stm32f4xx_hal_flash.o
 .text.FLASH_SetErrorCode
                0x00000000080034b8       0xcc ./Drivers/STM32F4xx_HAL_Driver/stm32f4xx_hal_flash.o
 .text.HAL_FLASHEx_Erase
                0x0000000008003584       0xe4 ./Drivers/STM32F4xx_HAL_Driver/stm32f4xx_hal_flash_ex.o
                0x0000000008003584                HAL_FLASHEx_Erase
 .text.FLASH_MassErase
                0x0000000008003668       0x74 ./Drivers/STM32F4xx_HAL_Driver/stm32f4xx_hal_flash_ex.o
 .text.FLASH_Erase_Sector
                0x00000000080036dc       0x9c ./Drivers/STM32F4xx_HAL_Driver/stm32f4xx_hal_flash_ex.o
                0x00000000080036dc                FLASH_Erase_Sector
 .text.FLASH_FlushCaches
                0x0000000008003778       0x8c ./Drivers/STM32F4xx_HAL_Driver/stm32f4xx_hal_flash_ex.o
                0x0000000008003778                FLASH_FlushCaches
 .text.HAL_GPIO_Init
                0x0000000008003804      0x358 ./Drivers/STM32F4xx_HAL_Driver/stm32f4xx_hal_gpio.o
                0x0000000008003804                HAL_GPIO_Init
 .text.HAL_GPIO_ReadPin
                0x0000000008003b5c       0x30 ./Drivers/STM32F4xx_HAL_Driver/stm32f4xx_hal_gpio.o
                0x0000000008003b5c                HAL_GPIO_ReadPin
 .text.HAL_GPIO_WritePin
                0x0000000008003b8c       0x32 ./Drivers/STM32F4xx_HAL_Driver/stm32f4xx_hal_gpio.o
                0x0000000008003b8c                HAL_GPIO_WritePin
 *fill*         0x0000000008003bbe        0x2 
 .text.HAL_GPIO_EXTI_IRQHandler
                0x0000000008003bc0       0x30 ./Drivers/STM32F4xx_HAL_Driver/stm32f4xx_hal_gpio.o
                0x0000000008003bc0                HAL_GPIO_EXTI_IRQHandler
 .text.HAL_I2C_Init
                0x0000000008003bf0      0x288 ./Drivers/STM32F4xx_HAL_Driver/stm32f4xx_hal_i2c.o
                0x0000000008003bf0                HAL_I2C_Init
 .text.HAL_I2C_Master_Transmit
                0x0000000008003e78      0x1fc ./Drivers/STM32F4xx_HAL_Driver/stm32f4xx_hal_i2c.o
                0x0000000008003e78                HAL_I2C_Master_Transmit
 .text.HAL_I2C_IsDeviceReady
                0x0000000008004074      0x25c ./Drivers/STM32F4xx_HAL_Driver/stm32f4xx_hal_i2c.o
                0x0000000008004074                HAL_I2C_IsDeviceReady
 .text.I2C_MasterRequestWrite
                0x00000000080042d0      0x104 ./Drivers/STM32F4xx_HAL_Driver/stm32f4xx_hal_i2c.o
 .text.I2C_WaitOnFlagUntilTimeout
                0x00000000080043d4       0xae ./Drivers/STM32F4xx_HAL_Driver/stm32f4xx_hal_i2c.o
 .text.I2C_WaitOnMasterAddressFlagUntilTimeout
                0x0000000008004482       0xfe ./Drivers/STM32F4xx_HAL_Driver/stm32f4xx_hal_i2c.o
 .text.I2C_WaitOnTXEFlagUntilTimeout
                0x0000000008004580       0x82 ./Drivers/STM32F4xx_HAL_Driver/stm32f4xx_hal_i2c.o
 .text.I2C_WaitOnBTFFlagUntilTimeout
                0x0000000008004602       0x82 ./Drivers/STM32F4xx_HAL_Driver/stm32f4xx_hal_i2c.o
 .text.I2C_IsAcknowledgeFailed
                0x0000000008004684       0x5e ./Drivers/STM32F4xx_HAL_Driver/stm32f4xx_hal_i2c.o
 .text.HAL_I2CEx_ConfigAnalogFilter
                0x00000000080046e2       0x78 ./Drivers/STM32F4xx_HAL_Driver/stm32f4xx_hal_i2c_ex.o
                0x00000000080046e2                HAL_I2CEx_ConfigAnalogFilter
 .text.HAL_I2CEx_ConfigDigitalFilter
                0x000000000800475a       0x7e ./Drivers/STM32F4xx_HAL_Driver/stm32f4xx_hal_i2c_ex.o
                0x000000000800475a                HAL_I2CEx_ConfigDigitalFilter
 .text.HAL_PWREx_EnableOverDrive
                0x00000000080047d8       0xa0 ./Drivers/STM32F4xx_HAL_Driver/stm32f4xx_hal_pwr_ex.o
                0x00000000080047d8                HAL_PWREx_EnableOverDrive
 .text.HAL_RCC_OscConfig
                0x0000000008004878      0x4f0 ./Drivers/STM32F4xx_HAL_Driver/stm32f4xx_hal_rcc.o
                0x0000000008004878                HAL_RCC_OscConfig
 .text.HAL_RCC_ClockConfig
                0x0000000008004d68      0x1cc ./Drivers/STM32F4xx_HAL_Driver/stm32f4xx_hal_rcc.o
                0x0000000008004d68                HAL_RCC_ClockConfig
 .text.HAL_RCC_GetSysClockFreq
                0x0000000008004f34      0x20c ./Drivers/STM32F4xx_HAL_Driver/stm32f4xx_hal_rcc.o
                0x0000000008004f34                HAL_RCC_GetSysClockFreq
 .text.HAL_RCC_GetHCLKFreq
                0x0000000008005140       0x18 ./Drivers/STM32F4xx_HAL_Driver/stm32f4xx_hal_rcc.o
                0x0000000008005140                HAL_RCC_GetHCLKFreq
 .text.HAL_RCC_GetPCLK1Freq
                0x0000000008005158       0x28 ./Drivers/STM32F4xx_HAL_Driver/stm32f4xx_hal_rcc.o
                0x0000000008005158                HAL_RCC_GetPCLK1Freq
 .text.HAL_RCC_GetPCLK2Freq
                0x0000000008005180       0x28 ./Drivers/STM32F4xx_HAL_Driver/stm32f4xx_hal_rcc.o
                0x0000000008005180                HAL_RCC_GetPCLK2Freq
 .text.HAL_RCCEx_PeriphCLKConfig
                0x00000000080051a8      0x380 ./Drivers/STM32F4xx_HAL_Driver/stm32f4xx_hal_rcc_ex.o
                0x00000000080051a8                HAL_RCCEx_PeriphCLKConfig
 .text.HAL_RTC_Init
                0x0000000008005528       0xec ./Drivers/STM32F4xx_HAL_Driver/stm32f4xx_hal_rtc.o
                0x0000000008005528                HAL_RTC_Init
 .text.HAL_RTC_WaitForSynchro
                0x0000000008005614       0x50 ./Drivers/STM32F4xx_HAL_Driver/stm32f4xx_hal_rtc.o
                0x0000000008005614                HAL_RTC_WaitForSynchro
 .text.RTC_EnterInitMode
                0x0000000008005664       0x6e ./Drivers/STM32F4xx_HAL_Driver/stm32f4xx_hal_rtc.o
                0x0000000008005664                RTC_EnterInitMode
 .text.RTC_ExitInitMode
                0x00000000080056d2       0x4a ./Drivers/STM32F4xx_HAL_Driver/stm32f4xx_hal_rtc.o
                0x00000000080056d2                RTC_ExitInitMode
 .text.HAL_TIM_Base_Init
                0x000000000800571c       0x9e ./Drivers/STM32F4xx_HAL_Driver/stm32f4xx_hal_tim.o
                0x000000000800571c                HAL_TIM_Base_Init
 *fill*         0x00000000080057ba        0x2 
 .text.HAL_TIM_Base_Start_IT
                0x00000000080057bc       0xe0 ./Drivers/STM32F4xx_HAL_Driver/stm32f4xx_hal_tim.o
                0x00000000080057bc                HAL_TIM_Base_Start_IT
 .text.HAL_TIM_PWM_Init
                0x000000000800589c       0x9e ./Drivers/STM32F4xx_HAL_Driver/stm32f4xx_hal_tim.o
                0x000000000800589c                HAL_TIM_PWM_Init
 .text.HAL_TIM_PWM_MspInit
                0x000000000800593a       0x14 ./Drivers/STM32F4xx_HAL_Driver/stm32f4xx_hal_tim.o
                0x000000000800593a                HAL_TIM_PWM_MspInit
 .text.HAL_TIM_IRQHandler
                0x000000000800594e      0x210 ./Drivers/STM32F4xx_HAL_Driver/stm32f4xx_hal_tim.o
                0x000000000800594e                HAL_TIM_IRQHandler
 *fill*         0x0000000008005b5e        0x2 
 .text.HAL_TIM_PWM_ConfigChannel
                0x0000000008005b60      0x184 ./Drivers/STM32F4xx_HAL_Driver/stm32f4xx_hal_tim.o
                0x0000000008005b60                HAL_TIM_PWM_ConfigChannel
 .text.HAL_TIM_ConfigClockSource
                0x0000000008005ce4      0x18e ./Drivers/STM32F4xx_HAL_Driver/stm32f4xx_hal_tim.o
                0x0000000008005ce4                HAL_TIM_ConfigClockSource
 .text.HAL_TIM_OC_DelayElapsedCallback
                0x0000000008005e72       0x14 ./Drivers/STM32F4xx_HAL_Driver/stm32f4xx_hal_tim.o
                0x0000000008005e72                HAL_TIM_OC_DelayElapsedCallback
 .text.HAL_TIM_IC_CaptureCallback
                0x0000000008005e86       0x14 ./Drivers/STM32F4xx_HAL_Driver/stm32f4xx_hal_tim.o
                0x0000000008005e86                HAL_TIM_IC_CaptureCallback
 .text.HAL_TIM_PWM_PulseFinishedCallback
                0x0000000008005e9a       0x14 ./Drivers/STM32F4xx_HAL_Driver/stm32f4xx_hal_tim.o
                0x0000000008005e9a                HAL_TIM_PWM_PulseFinishedCallback
 .text.HAL_TIM_TriggerCallback
                0x0000000008005eae       0x14 ./Drivers/STM32F4xx_HAL_Driver/stm32f4xx_hal_tim.o
                0x0000000008005eae                HAL_TIM_TriggerCallback
 *fill*         0x0000000008005ec2        0x2 
 .text.TIM_Base_SetConfig
                0x0000000008005ec4      0x140 ./Drivers/STM32F4xx_HAL_Driver/stm32f4xx_hal_tim.o
                0x0000000008005ec4                TIM_Base_SetConfig
 .text.TIM_OC1_SetConfig
                0x0000000008006004       0xe0 ./Drivers/STM32F4xx_HAL_Driver/stm32f4xx_hal_tim.o
 .text.TIM_OC2_SetConfig
                0x00000000080060e4       0xec ./Drivers/STM32F4xx_HAL_Driver/stm32f4xx_hal_tim.o
                0x00000000080060e4                TIM_OC2_SetConfig
 .text.TIM_OC3_SetConfig
                0x00000000080061d0       0xe8 ./Drivers/STM32F4xx_HAL_Driver/stm32f4xx_hal_tim.o
 .text.TIM_OC4_SetConfig
                0x00000000080062b8       0xac ./Drivers/STM32F4xx_HAL_Driver/stm32f4xx_hal_tim.o
 .text.TIM_TI1_ConfigInputStage
                0x0000000008006364       0x5e ./Drivers/STM32F4xx_HAL_Driver/stm32f4xx_hal_tim.o
 .text.TIM_TI2_ConfigInputStage
                0x00000000080063c2       0x60 ./Drivers/STM32F4xx_HAL_Driver/stm32f4xx_hal_tim.o
 .text.TIM_ITRx_SetConfig
                0x0000000008006422       0x36 ./Drivers/STM32F4xx_HAL_Driver/stm32f4xx_hal_tim.o
 .text.TIM_ETR_SetConfig
                0x0000000008006458       0x40 ./Drivers/STM32F4xx_HAL_Driver/stm32f4xx_hal_tim.o
                0x0000000008006458                TIM_ETR_SetConfig
 .text.HAL_TIMEx_MasterConfigSynchronization
                0x0000000008006498       0xf8 ./Drivers/STM32F4xx_HAL_Driver/stm32f4xx_hal_tim_ex.o
                0x0000000008006498                HAL_TIMEx_MasterConfigSynchronization
 .text.HAL_TIMEx_CommutCallback
                0x0000000008006590       0x14 ./Drivers/STM32F4xx_HAL_Driver/stm32f4xx_hal_tim_ex.o
                0x0000000008006590                HAL_TIMEx_CommutCallback
 .text.HAL_TIMEx_BreakCallback
                0x00000000080065a4       0x14 ./Drivers/STM32F4xx_HAL_Driver/stm32f4xx_hal_tim_ex.o
                0x00000000080065a4                HAL_TIMEx_BreakCallback
 .text.HAL_UART_Init
                0x00000000080065b8       0x9a ./Drivers/STM32F4xx_HAL_Driver/stm32f4xx_hal_uart.o
                0x00000000080065b8                HAL_UART_Init
 .text.HAL_UART_Transmit
                0x0000000008006652      0x124 ./Drivers/STM32F4xx_HAL_Driver/stm32f4xx_hal_uart.o
                0x0000000008006652                HAL_UART_Transmit
 .text.HAL_UART_Receive_IT
                0x0000000008006776       0x60 ./Drivers/STM32F4xx_HAL_Driver/stm32f4xx_hal_uart.o
                0x0000000008006776                HAL_UART_Receive_IT
 *fill*         0x00000000080067d6        0x2 
 .text.HAL_UART_IRQHandler
                0x00000000080067d8      0x51c ./Drivers/STM32F4xx_HAL_Driver/stm32f4xx_hal_uart.o
                0x00000000080067d8                HAL_UART_IRQHandler
 .text.HAL_UART_TxCpltCallback
                0x0000000008006cf4       0x14 ./Drivers/STM32F4xx_HAL_Driver/stm32f4xx_hal_uart.o
                0x0000000008006cf4                HAL_UART_TxCpltCallback
 .text.HAL_UART_ErrorCallback
                0x0000000008006d08       0x14 ./Drivers/STM32F4xx_HAL_Driver/stm32f4xx_hal_uart.o
                0x0000000008006d08                HAL_UART_ErrorCallback
 .text.HAL_UARTEx_RxEventCallback
                0x0000000008006d1c       0x18 ./Drivers/STM32F4xx_HAL_Driver/stm32f4xx_hal_uart.o
                0x0000000008006d1c                HAL_UARTEx_RxEventCallback
 .text.UART_WaitOnFlagUntilTimeout
                0x0000000008006d34       0xdc ./Drivers/STM32F4xx_HAL_Driver/stm32f4xx_hal_uart.o
 .text.UART_Start_Receive_IT
                0x0000000008006e10       0x7c ./Drivers/STM32F4xx_HAL_Driver/stm32f4xx_hal_uart.o
                0x0000000008006e10                UART_Start_Receive_IT
 .text.UART_EndRxTransfer
                0x0000000008006e8c       0xc6 ./Drivers/STM32F4xx_HAL_Driver/stm32f4xx_hal_uart.o
 .text.UART_DMAAbortOnError
                0x0000000008006f52       0x28 ./Drivers/STM32F4xx_HAL_Driver/stm32f4xx_hal_uart.o
 .text.UART_Transmit_IT
                0x0000000008006f7a       0xa0 ./Drivers/STM32F4xx_HAL_Driver/stm32f4xx_hal_uart.o
 .text.UART_EndTransmit_IT
                0x000000000800701a       0x30 ./Drivers/STM32F4xx_HAL_Driver/stm32f4xx_hal_uart.o
 .text.UART_Receive_IT
                0x000000000800704a      0x176 ./Drivers/STM32F4xx_HAL_Driver/stm32f4xx_hal_uart.o
 .text.UART_SetConfig
                0x00000000080071c0      0x4e8 ./Drivers/STM32F4xx_HAL_Driver/stm32f4xx_hal_uart.o
 .text.__errno  0x00000000080076a8        0xc c:/st/stm32cubeide_1.9.0/stm32cubeide/plugins/com.st.stm32cube.ide.mcu.externaltools.gnu-tools-for-stm32.10.3-2021.10.win32_1.0.0.202111181127/tools/bin/../lib/gcc/arm-none-eabi/10.3.1/../../../../arm-none-eabi/lib/thumb/v7e-m+fp/hard\libc_nano.a(lib_a-errno.o)
                0x00000000080076a8                __errno
 .text.__libc_init_array
                0x00000000080076b4       0x48 c:/st/stm32cubeide_1.9.0/stm32cubeide/plugins/com.st.stm32cube.ide.mcu.externaltools.gnu-tools-for-stm32.10.3-2021.10.win32_1.0.0.202111181127/tools/bin/../lib/gcc/arm-none-eabi/10.3.1/../../../../arm-none-eabi/lib/thumb/v7e-m+fp/hard\libc_nano.a(lib_a-init.o)
                0x00000000080076b4                __libc_init_array
 .text.memset   0x00000000080076fc       0x10 c:/st/stm32cubeide_1.9.0/stm32cubeide/plugins/com.st.stm32cube.ide.mcu.externaltools.gnu-tools-for-stm32.10.3-2021.10.win32_1.0.0.202111181127/tools/bin/../lib/gcc/arm-none-eabi/10.3.1/../../../../arm-none-eabi/lib/thumb/v7e-m+fp/hard\libc_nano.a(lib_a-memset.o)
                0x00000000080076fc                memset
 .text.snprintf
                0x000000000800770c       0x68 c:/st/stm32cubeide_1.9.0/stm32cubeide/plugins/com.st.stm32cube.ide.mcu.externaltools.gnu-tools-for-stm32.10.3-2021.10.win32_1.0.0.202111181127/tools/bin/../lib/gcc/arm-none-eabi/10.3.1/../../../../arm-none-eabi/lib/thumb/v7e-m+fp/hard\libc_nano.a(lib_a-snprintf.o)
                0x000000000800770c                sniprintf
                0x000000000800770c                snprintf
 .text.sprintf  0x0000000008007774       0x40 c:/st/stm32cubeide_1.9.0/stm32cubeide/plugins/com.st.stm32cube.ide.mcu.externaltools.gnu-tools-for-stm32.10.3-2021.10.win32_1.0.0.202111181127/tools/bin/../lib/gcc/arm-none-eabi/10.3.1/../../../../arm-none-eabi/lib/thumb/v7e-m+fp/hard\libc_nano.a(lib_a-sprintf.o)
                0x0000000008007774                siprintf
                0x0000000008007774                sprintf
 .text.__ssputs_r
                0x00000000080077b4       0xb6 c:/st/stm32cubeide_1.9.0/stm32cubeide/plugins/com.st.stm32cube.ide.mcu.externaltools.gnu-tools-for-stm32.10.3-2021.10.win32_1.0.0.202111181127/tools/bin/../lib/gcc/arm-none-eabi/10.3.1/../../../../arm-none-eabi/lib/thumb/v7e-m+fp/hard\libc_nano.a(lib_a-nano-svfprintf.o)
                0x00000000080077b4                __ssputs_r
 *fill*         0x000000000800786a        0x2 
 .text._svfprintf_r
                0x000000000800786c      0x200 c:/st/stm32cubeide_1.9.0/stm32cubeide/plugins/com.st.stm32cube.ide.mcu.externaltools.gnu-tools-for-stm32.10.3-2021.10.win32_1.0.0.202111181127/tools/bin/../lib/gcc/arm-none-eabi/10.3.1/../../../../arm-none-eabi/lib/thumb/v7e-m+fp/hard\libc_nano.a(lib_a-nano-svfprintf.o)
                0x000000000800786c                _svfiprintf_r
                0x000000000800786c                _svfprintf_r
 .text._printf_common
                0x0000000008007a6c       0xda c:/st/stm32cubeide_1.9.0/stm32cubeide/plugins/com.st.stm32cube.ide.mcu.externaltools.gnu-tools-for-stm32.10.3-2021.10.win32_1.0.0.202111181127/tools/bin/../lib/gcc/arm-none-eabi/10.3.1/../../../../arm-none-eabi/lib/thumb/v7e-m+fp/hard\libc_nano.a(lib_a-nano-vfprintf_i.o)
                0x0000000008007a6c                _printf_common
 *fill*         0x0000000008007b46        0x2 
 .text._printf_i
                0x0000000008007b48      0x24c c:/st/stm32cubeide_1.9.0/stm32cubeide/plugins/com.st.stm32cube.ide.mcu.externaltools.gnu-tools-for-stm32.10.3-2021.10.win32_1.0.0.202111181127/tools/bin/../lib/gcc/arm-none-eabi/10.3.1/../../../../arm-none-eabi/lib/thumb/v7e-m+fp/hard\libc_nano.a(lib_a-nano-vfprintf_i.o)
                0x0000000008007b48                _printf_i
 .text.memcpy   0x0000000008007d94       0x1c c:/st/stm32cubeide_1.9.0/stm32cubeide/plugins/com.st.stm32cube.ide.mcu.externaltools.gnu-tools-for-stm32.10.3-2021.10.win32_1.0.0.202111181127/tools/bin/../lib/gcc/arm-none-eabi/10.3.1/../../../../arm-none-eabi/lib/thumb/v7e-m+fp/hard\libc_nano.a(lib_a-memcpy-stub.o)
                0x0000000008007d94                memcpy
 .text.memmove  0x0000000008007db0       0x34 c:/st/stm32cubeide_1.9.0/stm32cubeide/plugins/com.st.stm32cube.ide.mcu.externaltools.gnu-tools-for-stm32.10.3-2021.10.win32_1.0.0.202111181127/tools/bin/../lib/gcc/arm-none-eabi/10.3.1/../../../../arm-none-eabi/lib/thumb/v7e-m+fp/hard\libc_nano.a(lib_a-memmove.o)
                0x0000000008007db0                memmove
 .text._free_r  0x0000000008007de4       0x98 c:/st/stm32cubeide_1.9.0/stm32cubeide/plugins/com.st.stm32cube.ide.mcu.externaltools.gnu-tools-for-stm32.10.3-2021.10.win32_1.0.0.202111181127/tools/bin/../lib/gcc/arm-none-eabi/10.3.1/../../../../arm-none-eabi/lib/thumb/v7e-m+fp/hard\libc_nano.a(lib_a-nano-freer.o)
                0x0000000008007de4                _free_r
 .text.sbrk_aligned
                0x0000000008007e7c       0x40 c:/st/stm32cubeide_1.9.0/stm32cubeide/plugins/com.st.stm32cube.ide.mcu.externaltools.gnu-tools-for-stm32.10.3-2021.10.win32_1.0.0.202111181127/tools/bin/../lib/gcc/arm-none-eabi/10.3.1/../../../../arm-none-eabi/lib/thumb/v7e-m+fp/hard\libc_nano.a(lib_a-nano-mallocr.o)
 .text._malloc_r
                0x0000000008007ebc       0xe8 c:/st/stm32cubeide_1.9.0/stm32cubeide/plugins/com.st.stm32cube.ide.mcu.externaltools.gnu-tools-for-stm32.10.3-2021.10.win32_1.0.0.202111181127/tools/bin/../lib/gcc/arm-none-eabi/10.3.1/../../../../arm-none-eabi/lib/thumb/v7e-m+fp/hard\libc_nano.a(lib_a-nano-mallocr.o)
                0x0000000008007ebc                _malloc_r
 .text._realloc_r
                0x0000000008007fa4       0x5e c:/st/stm32cubeide_1.9.0/stm32cubeide/plugins/com.st.stm32cube.ide.mcu.externaltools.gnu-tools-for-stm32.10.3-2021.10.win32_1.0.0.202111181127/tools/bin/../lib/gcc/arm-none-eabi/10.3.1/../../../../arm-none-eabi/lib/thumb/v7e-m+fp/hard\libc_nano.a(lib_a-nano-reallocr.o)
                0x0000000008007fa4                _realloc_r
 *fill*         0x0000000008008002        0x2 
 .text._sbrk_r  0x0000000008008004       0x20 c:/st/stm32cubeide_1.9.0/stm32cubeide/plugins/com.st.stm32cube.ide.mcu.externaltools.gnu-tools-for-stm32.10.3-2021.10.win32_1.0.0.202111181127/tools/bin/../lib/gcc/arm-none-eabi/10.3.1/../../../../arm-none-eabi/lib/thumb/v7e-m+fp/hard\libc_nano.a(lib_a-sbrkr.o)
                0x0000000008008004                _sbrk_r
 .text.__malloc_lock
                0x0000000008008024        0xc c:/st/stm32cubeide_1.9.0/stm32cubeide/plugins/com.st.stm32cube.ide.mcu.externaltools.gnu-tools-for-stm32.10.3-2021.10.win32_1.0.0.202111181127/tools/bin/../lib/gcc/arm-none-eabi/10.3.1/../../../../arm-none-eabi/lib/thumb/v7e-m+fp/hard\libc_nano.a(lib_a-mlock.o)
                0x0000000008008024                __malloc_lock
 .text.__malloc_unlock
                0x0000000008008030        0xc c:/st/stm32cubeide_1.9.0/stm32cubeide/plugins/com.st.stm32cube.ide.mcu.externaltools.gnu-tools-for-stm32.10.3-2021.10.win32_1.0.0.202111181127/tools/bin/../lib/gcc/arm-none-eabi/10.3.1/../../../../arm-none-eabi/lib/thumb/v7e-m+fp/hard\libc_nano.a(lib_a-mlock.o)
                0x0000000008008030                __malloc_unlock
 .text._malloc_usable_size_r
                0x000000000800803c       0x10 c:/st/stm32cubeide_1.9.0/stm32cubeide/plugins/com.st.stm32cube.ide.mcu.externaltools.gnu-tools-for-stm32.10.3-2021.10.win32_1.0.0.202111181127/tools/bin/../lib/gcc/arm-none-eabi/10.3.1/../../../../arm-none-eabi/lib/thumb/v7e-m+fp/hard\libc_nano.a(lib_a-nano-msizer.o)
                0x000000000800803c                _malloc_usable_size_r
 .text.__retarget_lock_acquire_recursive
                0x000000000800804c        0x2 c:/st/stm32cubeide_1.9.0/stm32cubeide/plugins/com.st.stm32cube.ide.mcu.externaltools.gnu-tools-for-stm32.10.3-2021.10.win32_1.0.0.202111181127/tools/bin/../lib/gcc/arm-none-eabi/10.3.1/../../../../arm-none-eabi/lib/thumb/v7e-m+fp/hard\libc_nano.a(lib_a-lock.o)
                0x000000000800804c                __retarget_lock_acquire_recursive
 .text.__retarget_lock_release_recursive
                0x000000000800804e        0x2 c:/st/stm32cubeide_1.9.0/stm32cubeide/plugins/com.st.stm32cube.ide.mcu.externaltools.gnu-tools-for-stm32.10.3-2021.10.win32_1.0.0.202111181127/tools/bin/../lib/gcc/arm-none-eabi/10.3.1/../../../../arm-none-eabi/lib/thumb/v7e-m+fp/hard\libc_nano.a(lib_a-lock.o)
                0x000000000800804e                __retarget_lock_release_recursive
 *(.glue_7)
 .glue_7        0x0000000008008050        0x0 linker stubs
 *(.glue_7t)
 .glue_7t       0x0000000008008050        0x0 linker stubs
 *(.eh_frame)
 .eh_frame      0x0000000008008050        0x0 c:/st/stm32cubeide_1.9.0/stm32cubeide/plugins/com.st.stm32cube.ide.mcu.externaltools.gnu-tools-for-stm32.10.3-2021.10.win32_1.0.0.202111181127/tools/bin/../lib/gcc/arm-none-eabi/10.3.1/thumb/v7e-m+fp/hard/crtbegin.o
 *(.init)
 .init          0x0000000008008050        0x4 c:/st/stm32cubeide_1.9.0/stm32cubeide/plugins/com.st.stm32cube.ide.mcu.externaltools.gnu-tools-for-stm32.10.3-2021.10.win32_1.0.0.202111181127/tools/bin/../lib/gcc/arm-none-eabi/10.3.1/thumb/v7e-m+fp/hard/crti.o
                0x0000000008008050                _init
 .init          0x0000000008008054        0x8 c:/st/stm32cubeide_1.9.0/stm32cubeide/plugins/com.st.stm32cube.ide.mcu.externaltools.gnu-tools-for-stm32.10.3-2021.10.win32_1.0.0.202111181127/tools/bin/../lib/gcc/arm-none-eabi/10.3.1/thumb/v7e-m+fp/hard/crtn.o
 *(.fini)
 .fini          0x000000000800805c        0x4 c:/st/stm32cubeide_1.9.0/stm32cubeide/plugins/com.st.stm32cube.ide.mcu.externaltools.gnu-tools-for-stm32.10.3-2021.10.win32_1.0.0.202111181127/tools/bin/../lib/gcc/arm-none-eabi/10.3.1/thumb/v7e-m+fp/hard/crti.o
                0x000000000800805c                _fini
 .fini          0x0000000008008060        0x8 c:/st/stm32cubeide_1.9.0/stm32cubeide/plugins/com.st.stm32cube.ide.mcu.externaltools.gnu-tools-for-stm32.10.3-2021.10.win32_1.0.0.202111181127/tools/bin/../lib/gcc/arm-none-eabi/10.3.1/thumb/v7e-m+fp/hard/crtn.o
                0x0000000008008068                . = ALIGN (0x4)
                0x0000000008008068                _etext = .

.vfp11_veneer   0x0000000008008068        0x0
 .vfp11_veneer  0x0000000008008068        0x0 linker stubs

.v4_bx          0x0000000008008068        0x0
 .v4_bx         0x0000000008008068        0x0 linker stubs

.iplt           0x0000000008008068        0x0
 .iplt          0x0000000008008068        0x0 c:/st/stm32cubeide_1.9.0/stm32cubeide/plugins/com.st.stm32cube.ide.mcu.externaltools.gnu-tools-for-stm32.10.3-2021.10.win32_1.0.0.202111181127/tools/bin/../lib/gcc/arm-none-eabi/10.3.1/thumb/v7e-m+fp/hard/crtbegin.o

.rodata         0x0000000008008068      0x1b8
                0x0000000008008068                . = ALIGN (0x4)
 *(.rodata)
 .rodata        0x0000000008008068       0x10 ./Core/Src/lcd.o
 .rodata        0x0000000008008078      0x159 ./Core/Src/main.o
 *(.rodata*)
 *fill*         0x00000000080081d1        0x3 
 .rodata.AHBPrescTable
                0x00000000080081d4       0x10 ./Core/Src/system_stm32f4xx.o
                0x00000000080081d4                AHBPrescTable
 .rodata.APBPrescTable
                0x00000000080081e4        0x8 ./Core/Src/system_stm32f4xx.o
                0x00000000080081e4                APBPrescTable
 .rodata._svfprintf_r.str1.1
                0x00000000080081ec       0x11 c:/st/stm32cubeide_1.9.0/stm32cubeide/plugins/com.st.stm32cube.ide.mcu.externaltools.gnu-tools-for-stm32.10.3-2021.10.win32_1.0.0.202111181127/tools/bin/../lib/gcc/arm-none-eabi/10.3.1/../../../../arm-none-eabi/lib/thumb/v7e-m+fp/hard\libc_nano.a(lib_a-nano-svfprintf.o)
 .rodata._printf_i.str1.1
                0x00000000080081fd       0x22 c:/st/stm32cubeide_1.9.0/stm32cubeide/plugins/com.st.stm32cube.ide.mcu.externaltools.gnu-tools-for-stm32.10.3-2021.10.win32_1.0.0.202111181127/tools/bin/../lib/gcc/arm-none-eabi/10.3.1/../../../../arm-none-eabi/lib/thumb/v7e-m+fp/hard\libc_nano.a(lib_a-nano-vfprintf_i.o)
                0x0000000008008220                . = ALIGN (0x4)
 *fill*         0x000000000800821f        0x1 

.ARM.extab      0x0000000008008220        0x0
                0x0000000008008220                . = ALIGN (0x4)
 *(.ARM.extab* .gnu.linkonce.armextab.*)
                0x0000000008008220                . = ALIGN (0x4)

.ARM            0x0000000008008220        0x8
                0x0000000008008220                . = ALIGN (0x4)
                0x0000000008008220                __exidx_start = .
 *(.ARM.exidx*)
 .ARM.exidx     0x0000000008008220        0x8 c:/st/stm32cubeide_1.9.0/stm32cubeide/plugins/com.st.stm32cube.ide.mcu.externaltools.gnu-tools-for-stm32.10.3-2021.10.win32_1.0.0.202111181127/tools/bin/../lib/gcc/arm-none-eabi/10.3.1/thumb/v7e-m+fp/hard\libgcc.a(_udivmoddi4.o)
                0x0000000008008228                __exidx_end = .
                0x0000000008008228                . = ALIGN (0x4)

.rel.dyn        0x0000000008008228        0x0
 .rel.iplt      0x0000000008008228        0x0 c:/st/stm32cubeide_1.9.0/stm32cubeide/plugins/com.st.stm32cube.ide.mcu.externaltools.gnu-tools-for-stm32.10.3-2021.10.win32_1.0.0.202111181127/tools/bin/../lib/gcc/arm-none-eabi/10.3.1/thumb/v7e-m+fp/hard/crtbegin.o

.preinit_array  0x0000000008008228        0x0
                0x0000000008008228                . = ALIGN (0x4)
                0x0000000008008228                PROVIDE (__preinit_array_start = .)
 *(.preinit_array*)
                0x0000000008008228                PROVIDE (__preinit_array_end = .)
                0x0000000008008228                . = ALIGN (0x4)

.init_array     0x0000000008008228        0x4
                0x0000000008008228                . = ALIGN (0x4)
                0x0000000008008228                PROVIDE (__init_array_start = .)
 *(SORT_BY_NAME(.init_array.*))
 *(.init_array*)
 .init_array    0x0000000008008228        0x4 c:/st/stm32cubeide_1.9.0/stm32cubeide/plugins/com.st.stm32cube.ide.mcu.externaltools.gnu-tools-for-stm32.10.3-2021.10.win32_1.0.0.202111181127/tools/bin/../lib/gcc/arm-none-eabi/10.3.1/thumb/v7e-m+fp/hard/crtbegin.o
                0x000000000800822c                PROVIDE (__init_array_end = .)
                0x000000000800822c                . = ALIGN (0x4)

.fini_array     0x000000000800822c        0x4
                0x000000000800822c                . = ALIGN (0x4)
                [!provide]                        PROVIDE (__fini_array_start = .)
 *(SORT_BY_NAME(.fini_array.*))
 *(.fini_array*)
 .fini_array    0x000000000800822c        0x4 c:/st/stm32cubeide_1.9.0/stm32cubeide/plugins/com.st.stm32cube.ide.mcu.externaltools.gnu-tools-for-stm32.10.3-2021.10.win32_1.0.0.202111181127/tools/bin/../lib/gcc/arm-none-eabi/10.3.1/thumb/v7e-m+fp/hard/crtbegin.o
                [!provide]                        PROVIDE (__fini_array_end = .)
                0x0000000008008230                . = ALIGN (0x4)
                0x0000000008008230                _sidata = LOADADDR (.data)

.data           0x0000000020000000       0x70 load address 0x0000000008008230
                0x0000000020000000                . = ALIGN (0x4)
                0x0000000020000000                _sdata = .
 *(.data)
 *(.data*)
 .data.SystemCoreClock
                0x0000000020000000        0x4 ./Core/Src/system_stm32f4xx.o
                0x0000000020000000                SystemCoreClock
 .data.uwTickPrio
                0x0000000020000004        0x4 ./Drivers/STM32F4xx_HAL_Driver/stm32f4xx_hal.o
                0x0000000020000004                uwTickPrio
 .data.uwTickFreq
                0x0000000020000008        0x1 ./Drivers/STM32F4xx_HAL_Driver/stm32f4xx_hal.o
                0x0000000020000008                uwTickFreq
 *fill*         0x0000000020000009        0x3 
 .data._impure_ptr
                0x000000002000000c        0x4 c:/st/stm32cubeide_1.9.0/stm32cubeide/plugins/com.st.stm32cube.ide.mcu.externaltools.gnu-tools-for-stm32.10.3-2021.10.win32_1.0.0.202111181127/tools/bin/../lib/gcc/arm-none-eabi/10.3.1/../../../../arm-none-eabi/lib/thumb/v7e-m+fp/hard\libc_nano.a(lib_a-impure.o)
                0x000000002000000c                _impure_ptr
 .data.impure_data
                0x0000000020000010       0x60 c:/st/stm32cubeide_1.9.0/stm32cubeide/plugins/com.st.stm32cube.ide.mcu.externaltools.gnu-tools-for-stm32.10.3-2021.10.win32_1.0.0.202111181127/tools/bin/../lib/gcc/arm-none-eabi/10.3.1/../../../../arm-none-eabi/lib/thumb/v7e-m+fp/hard\libc_nano.a(lib_a-impure.o)
 *(.RamFunc)
 *(.RamFunc*)
                0x0000000020000070                . = ALIGN (0x4)
                0x0000000020000070                _edata = .
                0x00000000080082a0                _siccmram = LOADADDR (.ccmram)

.igot.plt       0x0000000020000070        0x0 load address 0x00000000080082a0
 .igot.plt      0x0000000020000070        0x0 c:/st/stm32cubeide_1.9.0/stm32cubeide/plugins/com.st.stm32cube.ide.mcu.externaltools.gnu-tools-for-stm32.10.3-2021.10.win32_1.0.0.202111181127/tools/bin/../lib/gcc/arm-none-eabi/10.3.1/thumb/v7e-m+fp/hard/crtbegin.o

.ccmram         0x0000000010000000        0x0 load address 0x00000000080082a0
                0x0000000010000000                . = ALIGN (0x4)
                0x0000000010000000                _sccmram = .
 *(.ccmram)
 *(.ccmram*)
                0x0000000010000000                . = ALIGN (0x4)
                0x0000000010000000                _eccmram = .
                0x0000000010000000                . = ALIGN (0x4)

.bss            0x0000000020000070      0x2f0
                0x0000000020000070                _sbss = .
                0x0000000020000070                __bss_start__ = _sbss
 *(.bss)
 .bss           0x0000000020000070       0x1c c:/st/stm32cubeide_1.9.0/stm32cubeide/plugins/com.st.stm32cube.ide.mcu.externaltools.gnu-tools-for-stm32.10.3-2021.10.win32_1.0.0.202111181127/tools/bin/../lib/gcc/arm-none-eabi/10.3.1/thumb/v7e-m+fp/hard/crtbegin.o
 *(.bss*)
 .bss.hadc1     0x000000002000008c       0x48 ./Core/Src/adc.o
                0x000000002000008c                hadc1
 .bss.hi2c1     0x00000000200000d4       0x54 ./Core/Src/i2c.o
                0x00000000200000d4                hi2c1
 .bss.Res       0x0000000020000128        0x1 ./Core/Src/lcd.o
                0x0000000020000128                Res
 *fill*         0x0000000020000129        0x3 
 .bss.current_state
                0x000000002000012c        0x3 ./Core/Src/main.o
                0x000000002000012c                current_state
 *fill*         0x000000002000012f        0x1 
 .bss.ctime     0x0000000020000130        0x4 ./Core/Src/main.o
                0x0000000020000130                ctime
 .bss.stime     0x0000000020000134        0x4 ./Core/Src/main.o
                0x0000000020000134                stime
 .bss.atime     0x0000000020000138        0x4 ./Core/Src/main.o
                0x0000000020000138                atime
 .bss.click     0x000000002000013c       0x18 ./Core/Src/main.o
                0x000000002000013c                click
 .bss.default_nvitem
                0x0000000020000154        0x9 ./Core/Src/main.o
                0x0000000020000154                default_nvitem
 .bss.alFlag    0x000000002000015d        0x1 ./Core/Src/main.o
                0x000000002000015d                alFlag
 .bss.muFlag    0x000000002000015e        0x1 ./Core/Src/main.o
                0x000000002000015e                muFlag
 *fill*         0x000000002000015f        0x1 
 .bss.timer_count
                0x0000000020000160        0x4 ./Core/Src/main.o
                0x0000000020000160                timer_count
 .bss.old_count
                0x0000000020000164        0x4 ./Core/Src/main.o
                0x0000000020000164                old_count
 .bss.line      0x0000000020000168       0x24 ./Core/Src/main.o
                0x0000000020000168                line
 .bss.adc_value
                0x000000002000018c        0x4 ./Core/Src/main.o
                0x000000002000018c                adc_value
 .bss.btn_value
                0x0000000020000190        0x1 ./Core/Src/main.o
                0x0000000020000190                btn_value
 .bss.pos       0x0000000020000191        0x1 ./Core/Src/main.o
 *fill*         0x0000000020000192        0x2 
 .bss.last_time
                0x0000000020000194        0x4 ./Core/Src/main.o
                0x0000000020000194                last_time
 .bss.current_time
                0x0000000020000198        0x4 ./Core/Src/main.o
                0x0000000020000198                current_time
 .bss.time_interval
                0x000000002000019c        0x4 ./Core/Src/main.o
                0x000000002000019c                time_interval
 .bss.blink_count.1
                0x00000000200001a0        0x4 ./Core/Src/main.o
 .bss.blink_flag.0
                0x00000000200001a4        0x4 ./Core/Src/main.o
 .bss.hrtc      0x00000000200001a8       0x20 ./Core/Src/rtc.o
                0x00000000200001a8                hrtc
 .bss.__sbrk_heap_end
                0x00000000200001c8        0x4 ./Core/Src/sysmem.o
 .bss.htim2     0x00000000200001cc       0x48 ./Core/Src/tim.o
                0x00000000200001cc                htim2
 .bss.htim3     0x0000000020000214       0x48 ./Core/Src/tim.o
                0x0000000020000214                htim3
 .bss.htim4     0x000000002000025c       0x48 ./Core/Src/tim.o
                0x000000002000025c                htim4
 .bss.huart3    0x00000000200002a4       0x44 ./Core/Src/usart.o
                0x00000000200002a4                huart3
 .bss.huart6    0x00000000200002e8       0x44 ./Core/Src/usart.o
                0x00000000200002e8                huart6
 .bss.uwTick    0x000000002000032c        0x4 ./Drivers/STM32F4xx_HAL_Driver/stm32f4xx_hal.o
                0x000000002000032c                uwTick
 .bss.pFlash    0x0000000020000330       0x20 ./Drivers/STM32F4xx_HAL_Driver/stm32f4xx_hal_flash.o
                0x0000000020000330                pFlash
 .bss.__malloc_free_list
                0x0000000020000350        0x4 c:/st/stm32cubeide_1.9.0/stm32cubeide/plugins/com.st.stm32cube.ide.mcu.externaltools.gnu-tools-for-stm32.10.3-2021.10.win32_1.0.0.202111181127/tools/bin/../lib/gcc/arm-none-eabi/10.3.1/../../../../arm-none-eabi/lib/thumb/v7e-m+fp/hard\libc_nano.a(lib_a-nano-mallocr.o)
                0x0000000020000350                __malloc_free_list
 .bss.__malloc_sbrk_start
                0x0000000020000354        0x4 c:/st/stm32cubeide_1.9.0/stm32cubeide/plugins/com.st.stm32cube.ide.mcu.externaltools.gnu-tools-for-stm32.10.3-2021.10.win32_1.0.0.202111181127/tools/bin/../lib/gcc/arm-none-eabi/10.3.1/../../../../arm-none-eabi/lib/thumb/v7e-m+fp/hard\libc_nano.a(lib_a-nano-mallocr.o)
                0x0000000020000354                __malloc_sbrk_start
 .bss.errno     0x0000000020000358        0x4 c:/st/stm32cubeide_1.9.0/stm32cubeide/plugins/com.st.stm32cube.ide.mcu.externaltools.gnu-tools-for-stm32.10.3-2021.10.win32_1.0.0.202111181127/tools/bin/../lib/gcc/arm-none-eabi/10.3.1/../../../../arm-none-eabi/lib/thumb/v7e-m+fp/hard\libc_nano.a(lib_a-reent.o)
                0x0000000020000358                errno
 .bss.__lock___malloc_recursive_mutex
                0x000000002000035c        0x1 c:/st/stm32cubeide_1.9.0/stm32cubeide/plugins/com.st.stm32cube.ide.mcu.externaltools.gnu-tools-for-stm32.10.3-2021.10.win32_1.0.0.202111181127/tools/bin/../lib/gcc/arm-none-eabi/10.3.1/../../../../arm-none-eabi/lib/thumb/v7e-m+fp/hard\libc_nano.a(lib_a-lock.o)
                0x000000002000035c                __lock___malloc_recursive_mutex
 *(COMMON)
                0x0000000020000360                . = ALIGN (0x4)
 *fill*         0x000000002000035d        0x3 
                0x0000000020000360                _ebss = .
                0x0000000020000360                __bss_end__ = _ebss

._user_heap_stack
                0x0000000020000360      0x600
                0x0000000020000360                . = ALIGN (0x8)
                [!provide]                        PROVIDE (end = .)
                0x0000000020000360                PROVIDE (_end = .)
                0x0000000020000560                . = (. + _Min_Heap_Size)
 *fill*         0x0000000020000360      0x200 
                0x0000000020000960                . = (. + _Min_Stack_Size)
 *fill*         0x0000000020000560      0x400 
                0x0000000020000960                . = ALIGN (0x8)

/DISCARD/
 libc.a(*)
 libm.a(*)
 libgcc.a(*)

.ARM.attributes
                0x0000000000000000       0x30
 *(.ARM.attributes)
 .ARM.attributes
                0x0000000000000000       0x1e c:/st/stm32cubeide_1.9.0/stm32cubeide/plugins/com.st.stm32cube.ide.mcu.externaltools.gnu-tools-for-stm32.10.3-2021.10.win32_1.0.0.202111181127/tools/bin/../lib/gcc/arm-none-eabi/10.3.1/thumb/v7e-m+fp/hard/crti.o
 .ARM.attributes
                0x000000000000001e       0x34 c:/st/stm32cubeide_1.9.0/stm32cubeide/plugins/com.st.stm32cube.ide.mcu.externaltools.gnu-tools-for-stm32.10.3-2021.10.win32_1.0.0.202111181127/tools/bin/../lib/gcc/arm-none-eabi/10.3.1/thumb/v7e-m+fp/hard/crtbegin.o
 .ARM.attributes
                0x0000000000000052       0x34 ./Core/Src/adc.o
 .ARM.attributes
                0x0000000000000086       0x34 ./Core/Src/gpio.o
 .ARM.attributes
                0x00000000000000ba       0x34 ./Core/Src/i2c.o
 .ARM.attributes
                0x00000000000000ee       0x34 ./Core/Src/lcd.o
 .ARM.attributes
                0x0000000000000122       0x34 ./Core/Src/main.o
 .ARM.attributes
                0x0000000000000156       0x34 ./Core/Src/rtc.o
 .ARM.attributes
                0x000000000000018a       0x34 ./Core/Src/stm32f4xx_hal_msp.o
 .ARM.attributes
                0x00000000000001be       0x34 ./Core/Src/stm32f4xx_it.o
 .ARM.attributes
                0x00000000000001f2       0x34 ./Core/Src/sysmem.o
 .ARM.attributes
                0x0000000000000226       0x34 ./Core/Src/system_stm32f4xx.o
 .ARM.attributes
                0x000000000000025a       0x34 ./Core/Src/tim.o
 .ARM.attributes
                0x000000000000028e       0x34 ./Core/Src/usart.o
 .ARM.attributes
                0x00000000000002c2       0x21 ./Core/Startup/startup_stm32f429zitx.o
 .ARM.attributes
                0x00000000000002e3       0x34 ./Drivers/STM32F4xx_HAL_Driver/stm32f4xx_hal.o
 .ARM.attributes
                0x0000000000000317       0x34 ./Drivers/STM32F4xx_HAL_Driver/stm32f4xx_hal_adc.o
 .ARM.attributes
                0x000000000000034b       0x34 ./Drivers/STM32F4xx_HAL_Driver/stm32f4xx_hal_cortex.o
 .ARM.attributes
                0x000000000000037f       0x34 ./Drivers/STM32F4xx_HAL_Driver/stm32f4xx_hal_dma.o
 .ARM.attributes
                0x00000000000003b3       0x34 ./Drivers/STM32F4xx_HAL_Driver/stm32f4xx_hal_flash.o
 .ARM.attributes
                0x00000000000003e7       0x34 ./Drivers/STM32F4xx_HAL_Driver/stm32f4xx_hal_flash_ex.o
 .ARM.attributes
                0x000000000000041b       0x34 ./Drivers/STM32F4xx_HAL_Driver/stm32f4xx_hal_gpio.o
 .ARM.attributes
                0x000000000000044f       0x34 ./Drivers/STM32F4xx_HAL_Driver/stm32f4xx_hal_i2c.o
 .ARM.attributes
                0x0000000000000483       0x34 ./Drivers/STM32F4xx_HAL_Driver/stm32f4xx_hal_i2c_ex.o
 .ARM.attributes
                0x00000000000004b7       0x34 ./Drivers/STM32F4xx_HAL_Driver/stm32f4xx_hal_pwr_ex.o
 .ARM.attributes
                0x00000000000004eb       0x34 ./Drivers/STM32F4xx_HAL_Driver/stm32f4xx_hal_rcc.o
 .ARM.attributes
                0x000000000000051f       0x34 ./Drivers/STM32F4xx_HAL_Driver/stm32f4xx_hal_rcc_ex.o
 .ARM.attributes
                0x0000000000000553       0x34 ./Drivers/STM32F4xx_HAL_Driver/stm32f4xx_hal_rtc.o
 .ARM.attributes
                0x0000000000000587       0x34 ./Drivers/STM32F4xx_HAL_Driver/stm32f4xx_hal_tim.o
 .ARM.attributes
                0x00000000000005bb       0x34 ./Drivers/STM32F4xx_HAL_Driver/stm32f4xx_hal_tim_ex.o
 .ARM.attributes
                0x00000000000005ef       0x34 ./Drivers/STM32F4xx_HAL_Driver/stm32f4xx_hal_uart.o
 .ARM.attributes
                0x0000000000000623       0x34 c:/st/stm32cubeide_1.9.0/stm32cubeide/plugins/com.st.stm32cube.ide.mcu.externaltools.gnu-tools-for-stm32.10.3-2021.10.win32_1.0.0.202111181127/tools/bin/../lib/gcc/arm-none-eabi/10.3.1/../../../../arm-none-eabi/lib/thumb/v7e-m+fp/hard\libc_nano.a(lib_a-errno.o)
 .ARM.attributes
                0x0000000000000657       0x34 c:/st/stm32cubeide_1.9.0/stm32cubeide/plugins/com.st.stm32cube.ide.mcu.externaltools.gnu-tools-for-stm32.10.3-2021.10.win32_1.0.0.202111181127/tools/bin/../lib/gcc/arm-none-eabi/10.3.1/../../../../arm-none-eabi/lib/thumb/v7e-m+fp/hard\libc_nano.a(lib_a-impure.o)
 .ARM.attributes
                0x000000000000068b       0x34 c:/st/stm32cubeide_1.9.0/stm32cubeide/plugins/com.st.stm32cube.ide.mcu.externaltools.gnu-tools-for-stm32.10.3-2021.10.win32_1.0.0.202111181127/tools/bin/../lib/gcc/arm-none-eabi/10.3.1/../../../../arm-none-eabi/lib/thumb/v7e-m+fp/hard\libc_nano.a(lib_a-init.o)
 .ARM.attributes
                0x00000000000006bf       0x34 c:/st/stm32cubeide_1.9.0/stm32cubeide/plugins/com.st.stm32cube.ide.mcu.externaltools.gnu-tools-for-stm32.10.3-2021.10.win32_1.0.0.202111181127/tools/bin/../lib/gcc/arm-none-eabi/10.3.1/../../../../arm-none-eabi/lib/thumb/v7e-m+fp/hard\libc_nano.a(lib_a-memset.o)
 .ARM.attributes
                0x00000000000006f3       0x34 c:/st/stm32cubeide_1.9.0/stm32cubeide/plugins/com.st.stm32cube.ide.mcu.externaltools.gnu-tools-for-stm32.10.3-2021.10.win32_1.0.0.202111181127/tools/bin/../lib/gcc/arm-none-eabi/10.3.1/../../../../arm-none-eabi/lib/thumb/v7e-m+fp/hard\libc_nano.a(lib_a-snprintf.o)
 .ARM.attributes
                0x0000000000000727       0x34 c:/st/stm32cubeide_1.9.0/stm32cubeide/plugins/com.st.stm32cube.ide.mcu.externaltools.gnu-tools-for-stm32.10.3-2021.10.win32_1.0.0.202111181127/tools/bin/../lib/gcc/arm-none-eabi/10.3.1/../../../../arm-none-eabi/lib/thumb/v7e-m+fp/hard\libc_nano.a(lib_a-sprintf.o)
 .ARM.attributes
                0x000000000000075b       0x17 c:/st/stm32cubeide_1.9.0/stm32cubeide/plugins/com.st.stm32cube.ide.mcu.externaltools.gnu-tools-for-stm32.10.3-2021.10.win32_1.0.0.202111181127/tools/bin/../lib/gcc/arm-none-eabi/10.3.1/../../../../arm-none-eabi/lib/thumb/v7e-m+fp/hard\libc_nano.a(lib_a-strlen.o)
 .ARM.attributes
                0x0000000000000772       0x34 c:/st/stm32cubeide_1.9.0/stm32cubeide/plugins/com.st.stm32cube.ide.mcu.externaltools.gnu-tools-for-stm32.10.3-2021.10.win32_1.0.0.202111181127/tools/bin/../lib/gcc/arm-none-eabi/10.3.1/../../../../arm-none-eabi/lib/thumb/v7e-m+fp/hard\libc_nano.a(lib_a-nano-svfprintf.o)
 .ARM.attributes
                0x00000000000007a6       0x34 c:/st/stm32cubeide_1.9.0/stm32cubeide/plugins/com.st.stm32cube.ide.mcu.externaltools.gnu-tools-for-stm32.10.3-2021.10.win32_1.0.0.202111181127/tools/bin/../lib/gcc/arm-none-eabi/10.3.1/../../../../arm-none-eabi/lib/thumb/v7e-m+fp/hard\libc_nano.a(lib_a-nano-vfprintf_i.o)
 .ARM.attributes
                0x00000000000007da       0x1c c:/st/stm32cubeide_1.9.0/stm32cubeide/plugins/com.st.stm32cube.ide.mcu.externaltools.gnu-tools-for-stm32.10.3-2021.10.win32_1.0.0.202111181127/tools/bin/../lib/gcc/arm-none-eabi/10.3.1/../../../../arm-none-eabi/lib/thumb/v7e-m+fp/hard\libc_nano.a(lib_a-memchr.o)
 .ARM.attributes
                0x00000000000007f6       0x34 c:/st/stm32cubeide_1.9.0/stm32cubeide/plugins/com.st.stm32cube.ide.mcu.externaltools.gnu-tools-for-stm32.10.3-2021.10.win32_1.0.0.202111181127/tools/bin/../lib/gcc/arm-none-eabi/10.3.1/../../../../arm-none-eabi/lib/thumb/v7e-m+fp/hard\libc_nano.a(lib_a-memcpy-stub.o)
 .ARM.attributes
                0x000000000000082a       0x34 c:/st/stm32cubeide_1.9.0/stm32cubeide/plugins/com.st.stm32cube.ide.mcu.externaltools.gnu-tools-for-stm32.10.3-2021.10.win32_1.0.0.202111181127/tools/bin/../lib/gcc/arm-none-eabi/10.3.1/../../../../arm-none-eabi/lib/thumb/v7e-m+fp/hard\libc_nano.a(lib_a-memmove.o)
 .ARM.attributes
                0x000000000000085e       0x34 c:/st/stm32cubeide_1.9.0/stm32cubeide/plugins/com.st.stm32cube.ide.mcu.externaltools.gnu-tools-for-stm32.10.3-2021.10.win32_1.0.0.202111181127/tools/bin/../lib/gcc/arm-none-eabi/10.3.1/../../../../arm-none-eabi/lib/thumb/v7e-m+fp/hard\libc_nano.a(lib_a-nano-freer.o)
 .ARM.attributes
                0x0000000000000892       0x34 c:/st/stm32cubeide_1.9.0/stm32cubeide/plugins/com.st.stm32cube.ide.mcu.externaltools.gnu-tools-for-stm32.10.3-2021.10.win32_1.0.0.202111181127/tools/bin/../lib/gcc/arm-none-eabi/10.3.1/../../../../arm-none-eabi/lib/thumb/v7e-m+fp/hard\libc_nano.a(lib_a-nano-mallocr.o)
 .ARM.attributes
                0x00000000000008c6       0x34 c:/st/stm32cubeide_1.9.0/stm32cubeide/plugins/com.st.stm32cube.ide.mcu.externaltools.gnu-tools-for-stm32.10.3-2021.10.win32_1.0.0.202111181127/tools/bin/../lib/gcc/arm-none-eabi/10.3.1/../../../../arm-none-eabi/lib/thumb/v7e-m+fp/hard\libc_nano.a(lib_a-nano-reallocr.o)
 .ARM.attributes
                0x00000000000008fa       0x34 c:/st/stm32cubeide_1.9.0/stm32cubeide/plugins/com.st.stm32cube.ide.mcu.externaltools.gnu-tools-for-stm32.10.3-2021.10.win32_1.0.0.202111181127/tools/bin/../lib/gcc/arm-none-eabi/10.3.1/../../../../arm-none-eabi/lib/thumb/v7e-m+fp/hard\libc_nano.a(lib_a-sbrkr.o)
 .ARM.attributes
                0x000000000000092e       0x34 c:/st/stm32cubeide_1.9.0/stm32cubeide/plugins/com.st.stm32cube.ide.mcu.externaltools.gnu-tools-for-stm32.10.3-2021.10.win32_1.0.0.202111181127/tools/bin/../lib/gcc/arm-none-eabi/10.3.1/../../../../arm-none-eabi/lib/thumb/v7e-m+fp/hard\libc_nano.a(lib_a-mlock.o)
 .ARM.attributes
                0x0000000000000962       0x34 c:/st/stm32cubeide_1.9.0/stm32cubeide/plugins/com.st.stm32cube.ide.mcu.externaltools.gnu-tools-for-stm32.10.3-2021.10.win32_1.0.0.202111181127/tools/bin/../lib/gcc/arm-none-eabi/10.3.1/../../../../arm-none-eabi/lib/thumb/v7e-m+fp/hard\libc_nano.a(lib_a-nano-msizer.o)
 .ARM.attributes
                0x0000000000000996       0x34 c:/st/stm32cubeide_1.9.0/stm32cubeide/plugins/com.st.stm32cube.ide.mcu.externaltools.gnu-tools-for-stm32.10.3-2021.10.win32_1.0.0.202111181127/tools/bin/../lib/gcc/arm-none-eabi/10.3.1/../../../../arm-none-eabi/lib/thumb/v7e-m+fp/hard\libc_nano.a(lib_a-reent.o)
 .ARM.attributes
                0x00000000000009ca       0x34 c:/st/stm32cubeide_1.9.0/stm32cubeide/plugins/com.st.stm32cube.ide.mcu.externaltools.gnu-tools-for-stm32.10.3-2021.10.win32_1.0.0.202111181127/tools/bin/../lib/gcc/arm-none-eabi/10.3.1/../../../../arm-none-eabi/lib/thumb/v7e-m+fp/hard\libc_nano.a(lib_a-lock.o)
 .ARM.attributes
                0x00000000000009fe       0x1e c:/st/stm32cubeide_1.9.0/stm32cubeide/plugins/com.st.stm32cube.ide.mcu.externaltools.gnu-tools-for-stm32.10.3-2021.10.win32_1.0.0.202111181127/tools/bin/../lib/gcc/arm-none-eabi/10.3.1/thumb/v7e-m+fp/hard\libgcc.a(_aeabi_uldivmod.o)
 .ARM.attributes
                0x0000000000000a1c       0x34 c:/st/stm32cubeide_1.9.0/stm32cubeide/plugins/com.st.stm32cube.ide.mcu.externaltools.gnu-tools-for-stm32.10.3-2021.10.win32_1.0.0.202111181127/tools/bin/../lib/gcc/arm-none-eabi/10.3.1/thumb/v7e-m+fp/hard\libgcc.a(_udivmoddi4.o)
 .ARM.attributes
                0x0000000000000a50       0x1e c:/st/stm32cubeide_1.9.0/stm32cubeide/plugins/com.st.stm32cube.ide.mcu.externaltools.gnu-tools-for-stm32.10.3-2021.10.win32_1.0.0.202111181127/tools/bin/../lib/gcc/arm-none-eabi/10.3.1/thumb/v7e-m+fp/hard\libgcc.a(_dvmd_tls.o)
 .ARM.attributes
                0x0000000000000a6e       0x1e c:/st/stm32cubeide_1.9.0/stm32cubeide/plugins/com.st.stm32cube.ide.mcu.externaltools.gnu-tools-for-stm32.10.3-2021.10.win32_1.0.0.202111181127/tools/bin/../lib/gcc/arm-none-eabi/10.3.1/thumb/v7e-m+fp/hard/crtn.o
OUTPUT(Clock_Ver5.STM.elf elf32-littlearm)
LOAD linker stubs
LOAD c:/st/stm32cubeide_1.9.0/stm32cubeide/plugins/com.st.stm32cube.ide.mcu.externaltools.gnu-tools-for-stm32.10.3-2021.10.win32_1.0.0.202111181127/tools/bin/../lib/gcc/arm-none-eabi/10.3.1/../../../../arm-none-eabi/lib/thumb/v7e-m+fp/hard\libc.a
LOAD c:/st/stm32cubeide_1.9.0/stm32cubeide/plugins/com.st.stm32cube.ide.mcu.externaltools.gnu-tools-for-stm32.10.3-2021.10.win32_1.0.0.202111181127/tools/bin/../lib/gcc/arm-none-eabi/10.3.1/../../../../arm-none-eabi/lib/thumb/v7e-m+fp/hard\libm.a
LOAD c:/st/stm32cubeide_1.9.0/stm32cubeide/plugins/com.st.stm32cube.ide.mcu.externaltools.gnu-tools-for-stm32.10.3-2021.10.win32_1.0.0.202111181127/tools/bin/../lib/gcc/arm-none-eabi/10.3.1/thumb/v7e-m+fp/hard\libgcc.a

.debug_info     0x0000000000000000    0x182a1
 .debug_info    0x0000000000000000      0xa45 ./Core/Src/adc.o
 .debug_info    0x0000000000000a45      0x4df ./Core/Src/gpio.o
 .debug_info    0x0000000000000f24      0xa6e ./Core/Src/i2c.o
 .debug_info    0x0000000000001992      0xb79 ./Core/Src/lcd.o
 .debug_info    0x000000000000250b     0x1dd8 ./Core/Src/main.o
 .debug_info    0x00000000000042e3      0x62d ./Core/Src/rtc.o
 .debug_info    0x0000000000004910      0x2c4 ./Core/Src/stm32f4xx_hal_msp.o
 .debug_info    0x0000000000004bd4      0xa41 ./Core/Src/stm32f4xx_it.o
 .debug_info    0x0000000000005615      0x171 ./Core/Src/sysmem.o
 .debug_info    0x0000000000005786      0x53f ./Core/Src/system_stm32f4xx.o
 .debug_info    0x0000000000005cc5      0xfb5 ./Core/Src/tim.o
 .debug_info    0x0000000000006c7a      0xc9c ./Core/Src/usart.o
 .debug_info    0x0000000000007916       0x22 ./Core/Startup/startup_stm32f429zitx.o
 .debug_info    0x0000000000007938      0x9f4 ./Drivers/STM32F4xx_HAL_Driver/stm32f4xx_hal.o
 .debug_info    0x000000000000832c      0xd70 ./Drivers/STM32F4xx_HAL_Driver/stm32f4xx_hal_adc.o
 .debug_info    0x000000000000909c      0xe51 ./Drivers/STM32F4xx_HAL_Driver/stm32f4xx_hal_cortex.o
 .debug_info    0x0000000000009eed      0x94f ./Drivers/STM32F4xx_HAL_Driver/stm32f4xx_hal_dma.o
 .debug_info    0x000000000000a83c      0x5d2 ./Drivers/STM32F4xx_HAL_Driver/stm32f4xx_hal_flash.o
 .debug_info    0x000000000000ae0e      0x8fd ./Drivers/STM32F4xx_HAL_Driver/stm32f4xx_hal_flash_ex.o
 .debug_info    0x000000000000b70b      0x786 ./Drivers/STM32F4xx_HAL_Driver/stm32f4xx_hal_gpio.o
 .debug_info    0x000000000000be91     0x2617 ./Drivers/STM32F4xx_HAL_Driver/stm32f4xx_hal_i2c.o
 .debug_info    0x000000000000e4a8      0x6b6 ./Drivers/STM32F4xx_HAL_Driver/stm32f4xx_hal_i2c_ex.o
 .debug_info    0x000000000000eb5e      0x6e6 ./Drivers/STM32F4xx_HAL_Driver/stm32f4xx_hal_pwr_ex.o
 .debug_info    0x000000000000f244      0x982 ./Drivers/STM32F4xx_HAL_Driver/stm32f4xx_hal_rcc.o
 .debug_info    0x000000000000fbc6      0x689 ./Drivers/STM32F4xx_HAL_Driver/stm32f4xx_hal_rcc_ex.o
 .debug_info    0x000000000001024f      0xcf8 ./Drivers/STM32F4xx_HAL_Driver/stm32f4xx_hal_rtc.o
 .debug_info    0x0000000000010f47     0x2bbe ./Drivers/STM32F4xx_HAL_Driver/stm32f4xx_hal_tim.o
 .debug_info    0x0000000000013b05     0x15e0 ./Drivers/STM32F4xx_HAL_Driver/stm32f4xx_hal_tim_ex.o
 .debug_info    0x00000000000150e5     0x31bc ./Drivers/STM32F4xx_HAL_Driver/stm32f4xx_hal_uart.o

.debug_abbrev   0x0000000000000000     0x398b
 .debug_abbrev  0x0000000000000000      0x1e0 ./Core/Src/adc.o
 .debug_abbrev  0x00000000000001e0      0x146 ./Core/Src/gpio.o
 .debug_abbrev  0x0000000000000326      0x1f7 ./Core/Src/i2c.o
 .debug_abbrev  0x000000000000051d      0x237 ./Core/Src/lcd.o
 .debug_abbrev  0x0000000000000754      0x3df ./Core/Src/main.o
 .debug_abbrev  0x0000000000000b33      0x18f ./Core/Src/rtc.o
 .debug_abbrev  0x0000000000000cc2       0xd4 ./Core/Src/stm32f4xx_hal_msp.o
 .debug_abbrev  0x0000000000000d96      0x1ba ./Core/Src/stm32f4xx_it.o
 .debug_abbrev  0x0000000000000f50       0xbb ./Core/Src/sysmem.o
 .debug_abbrev  0x000000000000100b      0x116 ./Core/Src/system_stm32f4xx.o
 .debug_abbrev  0x0000000000001121      0x22d ./Core/Src/tim.o
 .debug_abbrev  0x000000000000134e      0x205 ./Core/Src/usart.o
 .debug_abbrev  0x0000000000001553       0x12 ./Core/Startup/startup_stm32f429zitx.o
 .debug_abbrev  0x0000000000001565      0x20d ./Drivers/STM32F4xx_HAL_Driver/stm32f4xx_hal.o
 .debug_abbrev  0x0000000000001772      0x244 ./Drivers/STM32F4xx_HAL_Driver/stm32f4xx_hal_adc.o
 .debug_abbrev  0x00000000000019b6      0x316 ./Drivers/STM32F4xx_HAL_Driver/stm32f4xx_hal_cortex.o
 .debug_abbrev  0x0000000000001ccc      0x25b ./Drivers/STM32F4xx_HAL_Driver/stm32f4xx_hal_dma.o
 .debug_abbrev  0x0000000000001f27      0x281 ./Drivers/STM32F4xx_HAL_Driver/stm32f4xx_hal_flash.o
 .debug_abbrev  0x00000000000021a8      0x27a ./Drivers/STM32F4xx_HAL_Driver/stm32f4xx_hal_flash_ex.o
 .debug_abbrev  0x0000000000002422      0x1c4 ./Drivers/STM32F4xx_HAL_Driver/stm32f4xx_hal_gpio.o
 .debug_abbrev  0x00000000000025e6      0x297 ./Drivers/STM32F4xx_HAL_Driver/stm32f4xx_hal_i2c.o
 .debug_abbrev  0x000000000000287d      0x14c ./Drivers/STM32F4xx_HAL_Driver/stm32f4xx_hal_i2c_ex.o
 .debug_abbrev  0x00000000000029c9      0x1c9 ./Drivers/STM32F4xx_HAL_Driver/stm32f4xx_hal_pwr_ex.o
 .debug_abbrev  0x0000000000002b92      0x2aa ./Drivers/STM32F4xx_HAL_Driver/stm32f4xx_hal_rcc.o
 .debug_abbrev  0x0000000000002e3c      0x1a8 ./Drivers/STM32F4xx_HAL_Driver/stm32f4xx_hal_rcc_ex.o
 .debug_abbrev  0x0000000000002fe4      0x1f1 ./Drivers/STM32F4xx_HAL_Driver/stm32f4xx_hal_rtc.o
 .debug_abbrev  0x00000000000031d5      0x25d ./Drivers/STM32F4xx_HAL_Driver/stm32f4xx_hal_tim.o
 .debug_abbrev  0x0000000000003432      0x265 ./Drivers/STM32F4xx_HAL_Driver/stm32f4xx_hal_tim_ex.o
 .debug_abbrev  0x0000000000003697      0x2f4 ./Drivers/STM32F4xx_HAL_Driver/stm32f4xx_hal_uart.o

.debug_aranges  0x0000000000000000     0x14d8
 .debug_aranges
                0x0000000000000000       0x30 ./Core/Src/adc.o
 .debug_aranges
                0x0000000000000030       0x20 ./Core/Src/gpio.o
 .debug_aranges
                0x0000000000000050       0x30 ./Core/Src/i2c.o
 .debug_aranges
                0x0000000000000080       0x60 ./Core/Src/lcd.o
 .debug_aranges
                0x00000000000000e0       0xa8 ./Core/Src/main.o
 .debug_aranges
                0x0000000000000188       0x30 ./Core/Src/rtc.o
 .debug_aranges
                0x00000000000001b8       0x20 ./Core/Src/stm32f4xx_hal_msp.o
 .debug_aranges
                0x00000000000001d8       0x88 ./Core/Src/stm32f4xx_it.o
 .debug_aranges
                0x0000000000000260       0x20 ./Core/Src/sysmem.o
 .debug_aranges
                0x0000000000000280       0x28 ./Core/Src/system_stm32f4xx.o
 .debug_aranges
                0x00000000000002a8       0x48 ./Core/Src/tim.o
 .debug_aranges
                0x00000000000002f0       0x38 ./Core/Src/usart.o
 .debug_aranges
                0x0000000000000328       0x28 ./Core/Startup/startup_stm32f429zitx.o
 .debug_aranges
                0x0000000000000350      0x100 ./Drivers/STM32F4xx_HAL_Driver/stm32f4xx_hal.o
 .debug_aranges
                0x0000000000000450       0xe8 ./Drivers/STM32F4xx_HAL_Driver/stm32f4xx_hal_adc.o
 .debug_aranges
                0x0000000000000538      0x118 ./Drivers/STM32F4xx_HAL_Driver/stm32f4xx_hal_cortex.o
 .debug_aranges
                0x0000000000000650       0x90 ./Drivers/STM32F4xx_HAL_Driver/stm32f4xx_hal_dma.o
 .debug_aranges
                0x00000000000006e0       0xa0 ./Drivers/STM32F4xx_HAL_Driver/stm32f4xx_hal_flash.o
 .debug_aranges
                0x0000000000000780       0xd8 ./Drivers/STM32F4xx_HAL_Driver/stm32f4xx_hal_flash_ex.o
 .debug_aranges
                0x0000000000000858       0x58 ./Drivers/STM32F4xx_HAL_Driver/stm32f4xx_hal_gpio.o
 .debug_aranges
                0x00000000000008b0      0x2a0 ./Drivers/STM32F4xx_HAL_Driver/stm32f4xx_hal_i2c.o
 .debug_aranges
                0x0000000000000b50       0x28 ./Drivers/STM32F4xx_HAL_Driver/stm32f4xx_hal_i2c_ex.o
 .debug_aranges
                0x0000000000000b78       0x60 ./Drivers/STM32F4xx_HAL_Driver/stm32f4xx_hal_pwr_ex.o
 .debug_aranges
                0x0000000000000bd8       0x88 ./Drivers/STM32F4xx_HAL_Driver/stm32f4xx_hal_rcc.o
 .debug_aranges
                0x0000000000000c60       0x58 ./Drivers/STM32F4xx_HAL_Driver/stm32f4xx_hal_rcc_ex.o
 .debug_aranges
                0x0000000000000cb8       0xe8 ./Drivers/STM32F4xx_HAL_Driver/stm32f4xx_hal_rtc.o
 .debug_aranges
                0x0000000000000da0      0x3d0 ./Drivers/STM32F4xx_HAL_Driver/stm32f4xx_hal_tim.o
 .debug_aranges
                0x0000000000001170      0x168 ./Drivers/STM32F4xx_HAL_Driver/stm32f4xx_hal_tim_ex.o
 .debug_aranges
                0x00000000000012d8      0x200 ./Drivers/STM32F4xx_HAL_Driver/stm32f4xx_hal_uart.o

.debug_ranges   0x0000000000000000     0x1358
 .debug_ranges  0x0000000000000000       0x20 ./Core/Src/adc.o
 .debug_ranges  0x0000000000000020       0x10 ./Core/Src/gpio.o
 .debug_ranges  0x0000000000000030       0x20 ./Core/Src/i2c.o
 .debug_ranges  0x0000000000000050       0x50 ./Core/Src/lcd.o
 .debug_ranges  0x00000000000000a0       0x98 ./Core/Src/main.o
 .debug_ranges  0x0000000000000138       0x20 ./Core/Src/rtc.o
 .debug_ranges  0x0000000000000158       0x10 ./Core/Src/stm32f4xx_hal_msp.o
 .debug_ranges  0x0000000000000168       0x78 ./Core/Src/stm32f4xx_it.o
 .debug_ranges  0x00000000000001e0       0x10 ./Core/Src/sysmem.o
 .debug_ranges  0x00000000000001f0       0x18 ./Core/Src/system_stm32f4xx.o
 .debug_ranges  0x0000000000000208       0x38 ./Core/Src/tim.o
 .debug_ranges  0x0000000000000240       0x28 ./Core/Src/usart.o
 .debug_ranges  0x0000000000000268       0x20 ./Core/Startup/startup_stm32f429zitx.o
 .debug_ranges  0x0000000000000288       0xf0 ./Drivers/STM32F4xx_HAL_Driver/stm32f4xx_hal.o
 .debug_ranges  0x0000000000000378       0xd8 ./Drivers/STM32F4xx_HAL_Driver/stm32f4xx_hal_adc.o
 .debug_ranges  0x0000000000000450      0x108 ./Drivers/STM32F4xx_HAL_Driver/stm32f4xx_hal_cortex.o
 .debug_ranges  0x0000000000000558       0x80 ./Drivers/STM32F4xx_HAL_Driver/stm32f4xx_hal_dma.o
 .debug_ranges  0x00000000000005d8       0x90 ./Drivers/STM32F4xx_HAL_Driver/stm32f4xx_hal_flash.o
 .debug_ranges  0x0000000000000668       0xc8 ./Drivers/STM32F4xx_HAL_Driver/stm32f4xx_hal_flash_ex.o
 .debug_ranges  0x0000000000000730       0x48 ./Drivers/STM32F4xx_HAL_Driver/stm32f4xx_hal_gpio.o
 .debug_ranges  0x0000000000000778      0x2a8 ./Drivers/STM32F4xx_HAL_Driver/stm32f4xx_hal_i2c.o
 .debug_ranges  0x0000000000000a20       0x18 ./Drivers/STM32F4xx_HAL_Driver/stm32f4xx_hal_i2c_ex.o
 .debug_ranges  0x0000000000000a38       0x50 ./Drivers/STM32F4xx_HAL_Driver/stm32f4xx_hal_pwr_ex.o
 .debug_ranges  0x0000000000000a88       0x78 ./Drivers/STM32F4xx_HAL_Driver/stm32f4xx_hal_rcc.o
 .debug_ranges  0x0000000000000b00       0x48 ./Drivers/STM32F4xx_HAL_Driver/stm32f4xx_hal_rcc_ex.o
 .debug_ranges  0x0000000000000b48       0xd8 ./Drivers/STM32F4xx_HAL_Driver/stm32f4xx_hal_rtc.o
 .debug_ranges  0x0000000000000c20      0x3c0 ./Drivers/STM32F4xx_HAL_Driver/stm32f4xx_hal_tim.o
 .debug_ranges  0x0000000000000fe0      0x158 ./Drivers/STM32F4xx_HAL_Driver/stm32f4xx_hal_tim_ex.o
 .debug_ranges  0x0000000000001138      0x220 ./Drivers/STM32F4xx_HAL_Driver/stm32f4xx_hal_uart.o

.debug_macro    0x0000000000000000    0x27eee
 .debug_macro   0x0000000000000000      0x241 ./Core/Src/adc.o
 .debug_macro   0x0000000000000241      0xa78 ./Core/Src/adc.o
 .debug_macro   0x0000000000000cb9      0x2ad ./Core/Src/adc.o
 .debug_macro   0x0000000000000f66       0x2e ./Core/Src/adc.o
 .debug_macro   0x0000000000000f94       0x28 ./Core/Src/adc.o
 .debug_macro   0x0000000000000fbc       0x22 ./Core/Src/adc.o
 .debug_macro   0x0000000000000fde       0x8e ./Core/Src/adc.o
 .debug_macro   0x000000000000106c       0x51 ./Core/Src/adc.o
 .debug_macro   0x00000000000010bd      0x103 ./Core/Src/adc.o
 .debug_macro   0x00000000000011c0       0x6a ./Core/Src/adc.o
 .debug_macro   0x000000000000122a      0x1df ./Core/Src/adc.o
 .debug_macro   0x0000000000001409       0x1c ./Core/Src/adc.o
 .debug_macro   0x0000000000001425       0x22 ./Core/Src/adc.o
 .debug_macro   0x0000000000001447       0xd9 ./Core/Src/adc.o
 .debug_macro   0x0000000000001520     0x102d ./Core/Src/adc.o
 .debug_macro   0x000000000000254d      0x11f ./Core/Src/adc.o
 .debug_macro   0x000000000000266c    0x17fc0 ./Core/Src/adc.o
 .debug_macro   0x000000000001a62c       0x6d ./Core/Src/adc.o
 .debug_macro   0x000000000001a699     0x36f5 ./Core/Src/adc.o
 .debug_macro   0x000000000001dd8e      0x174 ./Core/Src/adc.o
 .debug_macro   0x000000000001df02       0x5c ./Core/Src/adc.o
 .debug_macro   0x000000000001df5e      0xca5 ./Core/Src/adc.o
 .debug_macro   0x000000000001ec03      0x9fe ./Core/Src/adc.o
 .debug_macro   0x000000000001f601      0x115 ./Core/Src/adc.o
 .debug_macro   0x000000000001f716      0x156 ./Core/Src/adc.o
 .debug_macro   0x000000000001f86c       0xa5 ./Core/Src/adc.o
 .debug_macro   0x000000000001f911      0x182 ./Core/Src/adc.o
 .debug_macro   0x000000000001fa93      0x287 ./Core/Src/adc.o
 .debug_macro   0x000000000001fd1a       0x5f ./Core/Src/adc.o
 .debug_macro   0x000000000001fd79      0x236 ./Core/Src/adc.o
 .debug_macro   0x000000000001ffaf      0xb54 ./Core/Src/adc.o
 .debug_macro   0x0000000000020b03      0x38b ./Core/Src/adc.o
 .debug_macro   0x0000000000020e8e      0x184 ./Core/Src/adc.o
 .debug_macro   0x0000000000021012       0xf9 ./Core/Src/adc.o
 .debug_macro   0x000000000002110b      0x132 ./Core/Src/adc.o
 .debug_macro   0x000000000002123d      0x41d ./Core/Src/adc.o
 .debug_macro   0x000000000002165a       0x2e ./Core/Src/adc.o
 .debug_macro   0x0000000000021688      0x1b5 ./Core/Src/adc.o
 .debug_macro   0x000000000002183d       0x22 ./Core/Src/adc.o
 .debug_macro   0x000000000002185f       0xd6 ./Core/Src/adc.o
 .debug_macro   0x0000000000021935      0x11a ./Core/Src/adc.o
 .debug_macro   0x0000000000021a4f       0xe2 ./Core/Src/adc.o
 .debug_macro   0x0000000000021b31       0x89 ./Core/Src/adc.o
 .debug_macro   0x0000000000021bba      0x305 ./Core/Src/adc.o
 .debug_macro   0x0000000000021ebf      0x452 ./Core/Src/adc.o
 .debug_macro   0x0000000000022311       0xe4 ./Core/Src/adc.o
 .debug_macro   0x00000000000223f5      0x8e6 ./Core/Src/adc.o
 .debug_macro   0x0000000000022cdb       0x47 ./Core/Src/adc.o
 .debug_macro   0x0000000000022d22      0x295 ./Core/Src/adc.o
 .debug_macro   0x0000000000022fb7      0x134 ./Core/Src/adc.o
 .debug_macro   0x00000000000230eb      0x12a ./Core/Src/adc.o
 .debug_macro   0x0000000000023215      0x241 ./Core/Src/gpio.o
 .debug_macro   0x0000000000023456      0x241 ./Core/Src/i2c.o
 .debug_macro   0x0000000000023697      0x408 ./Core/Src/lcd.o
 .debug_macro   0x0000000000023a9f       0x52 ./Core/Src/lcd.o
 .debug_macro   0x0000000000023af1       0x1e ./Core/Src/lcd.o
 .debug_macro   0x0000000000023b0f       0x3c ./Core/Src/lcd.o
 .debug_macro   0x0000000000023b4b       0x34 ./Core/Src/lcd.o
 .debug_macro   0x0000000000023b7f       0x16 ./Core/Src/lcd.o
 .debug_macro   0x0000000000023b95       0x43 ./Core/Src/lcd.o
 .debug_macro   0x0000000000023bd8       0x34 ./Core/Src/lcd.o
 .debug_macro   0x0000000000023c0c       0x10 ./Core/Src/lcd.o
 .debug_macro   0x0000000000023c1c       0x58 ./Core/Src/lcd.o
 .debug_macro   0x0000000000023c74       0x71 ./Core/Src/lcd.o
 .debug_macro   0x0000000000023ce5       0x1c ./Core/Src/lcd.o
 .debug_macro   0x0000000000023d01      0x12a ./Core/Src/lcd.o
 .debug_macro   0x0000000000023e2b      0x341 ./Core/Src/lcd.o
 .debug_macro   0x000000000002416c       0x10 ./Core/Src/lcd.o
 .debug_macro   0x000000000002417c       0x35 ./Core/Src/lcd.o
 .debug_macro   0x00000000000241b1       0x20 ./Core/Src/lcd.o
 .debug_macro   0x00000000000241d1       0x1c ./Core/Src/lcd.o
 .debug_macro   0x00000000000241ed       0x10 ./Core/Src/lcd.o
 .debug_macro   0x00000000000241fd       0x10 ./Core/Src/lcd.o
 .debug_macro   0x000000000002420d       0x1c ./Core/Src/lcd.o
 .debug_macro   0x0000000000024229       0x52 ./Core/Src/lcd.o
 .debug_macro   0x000000000002427b       0x22 ./Core/Src/lcd.o
 .debug_macro   0x000000000002429d       0x10 ./Core/Src/lcd.o
 .debug_macro   0x00000000000242ad       0x52 ./Core/Src/lcd.o
 .debug_macro   0x00000000000242ff       0xd5 ./Core/Src/lcd.o
 .debug_macro   0x00000000000243d4       0x1c ./Core/Src/lcd.o
 .debug_macro   0x00000000000243f0       0x3d ./Core/Src/lcd.o
 .debug_macro   0x000000000002442d       0x16 ./Core/Src/lcd.o
 .debug_macro   0x0000000000024443      0x145 ./Core/Src/lcd.o
 .debug_macro   0x0000000000024588      0x54a ./Core/Src/main.o
 .debug_macro   0x0000000000024ad2      0x241 ./Core/Src/rtc.o
 .debug_macro   0x0000000000024d13      0x237 ./Core/Src/stm32f4xx_hal_msp.o